This is pdfTeX, Version 3.1415926-2.5-1.40.14 (TeX Live 2013/Debian) (format=latex 2017.8.22)  26 NOV 2017 17:13
entering extended mode
 restricted \write18 enabled.
 %&-line parsing enabled.
**\nonstopmode\input jss_main.tex
(./jss_main.tex (./acmsmall.cls
Document Class: acmsmall 2013/08/09 v1.10 ACM class
(/usr/share/texlive/texmf-dist/tex/latex/url/url.sty
\Urlmuskip=\muskip10
Package: url 2013/09/16  ver 3.4  Verb mode for urls, etc.
)
ACM, Production Font style: 2010/06/28 by Aptara

Using ACM, TECS option: 2010/05/04 by Aptara

(/usr/share/texlive/texmf-dist/tex/generic/oberdiek/ifpdf.sty
Package: ifpdf 2011/01/30 v2.3 Provides the ifpdf switch (HO)
Package ifpdf Info: pdfTeX in PDF mode is not detected.
)
(/usr/share/texlive/texmf-dist/tex/latex/base/latexsym.sty
Package: latexsym 1998/08/17 v2.2e Standard LaTeX package (lasy symbols)
\symlasy=\mathgroup4
LaTeX Font Info:    Overwriting symbol font `lasy' in version `bold'
(Font)                  U/lasy/m/n --> U/lasy/b/n on input line 47.
)
(/usr/share/texlive/texmf-dist/tex/latex/graphics/color.sty
Package: color 2005/11/14 v1.0j Standard LaTeX Color (DPC)

(/usr/share/texlive/texmf-dist/tex/latex/latexconfig/color.cfg
File: color.cfg 2007/01/18 v1.5 color configuration of teTeX/TeXLive
)
Package color Info: Driver file: dvips.def on input line 130.

(/usr/share/texlive/texmf-dist/tex/latex/graphics/dvips.def
File: dvips.def 1999/02/16 v3.0i Driver-dependant file (DPC,SPQR)
)
(/usr/share/texlive/texmf-dist/tex/latex/graphics/dvipsnam.def
File: dvipsnam.def 1999/02/16 v3.0i Driver-dependant file (DPC,SPQR)
))
(/usr/share/texlive/texmf-dist/tex/latex/graphics/graphicx.sty
Package: graphicx 1999/02/16 v1.0f Enhanced LaTeX Graphics (DPC,SPQR)

(/usr/share/texlive/texmf-dist/tex/latex/graphics/keyval.sty
Package: keyval 1999/03/16 v1.13 key=value parser (DPC)
\KV@toks@=\toks14
)
(/usr/share/texlive/texmf-dist/tex/latex/graphics/graphics.sty
Package: graphics 2009/02/05 v1.0o Standard LaTeX Graphics (DPC,SPQR)

(/usr/share/texlive/texmf-dist/tex/latex/graphics/trig.sty
Package: trig 1999/03/16 v1.09 sin cos tan (DPC)
)
(/usr/share/texlive/texmf-dist/tex/latex/latexconfig/graphics.cfg
File: graphics.cfg 2010/04/23 v1.9 graphics configuration of TeX Live
)
Package graphics Info: Driver file: dvips.def on input line 91.
)
\Gin@req@height=\dimen102
\Gin@req@width=\dimen103
)
Document Class `acmsmall' Electronic Submissions v1.10 <August 10, 2013> (ACM).

\@firstpg=\count79
\@lastpg=\count80
\trimheight=\dimen104
\trimwidth=\dimen105
\normaltextheight=\dimen106
\tempdimen=\dimen107
\tempbox=\box26
\tbbox=\box27
\tabledim=\dimen108
\symnewlargesymbols=\mathgroup5
LaTeX Font Info:    Redeclaring math symbol \bigsqcup on input line 2361.
\normalparindent=\dimen109
\footheight=\skip41
\@maxsep=\skip42
\@dblmaxsep=\skip43
(./acmcopyright.sty
Package: acmcopyright 2014/06/29 v1.2 Copyright statemens for ACM classes

(/usr/share/texlive/texmf-dist/tex/latex/xkeyval/xkeyval.sty
Package: xkeyval 2012/10/14 v2.6b package option processing (HA)

(/usr/share/texlive/texmf-dist/tex/generic/xkeyval/xkeyval.tex
\XKV@toks=\toks15
\XKV@tempa@toks=\toks16
\XKV@depth=\count81
File: xkeyval.tex 2012/10/14 v2.6b key=value parser (HA)
)))
\@totalpg=\count82
\@abstract=\box28

(/usr/share/texlive/texmf-dist/tex/latex/comment/comment.sty
\CommentStream=\write3

Excluding comment 'comment') Excluding comment 'CCSXML'
\@permissionbox=\box29
\c@part=\count83
\c@section=\count84
\c@subsection=\count85
\c@subsubsection=\count86
\c@paragraph=\count87
\enumdim=\dimen110
\c@theorem=\count88
\belowcaptionskip=\skip44
\abovecaptionskip=\skip45
\c@figure=\count89
\c@table=\count90
\@narrowfig=\dimen111
\@nfigbox=\box30
\@nfcapbox=\box31
\@nfigbox=\box32
\@nfcapbox=\box33
\bibindent=\dimen112
LaTeX Font Info:    Overwriting math alphabet `\mathbb' in version `normal'
(Font)                  OT1/ams/bx/n --> OT1/ams/bx/n on input line 3979.
LaTeX Font Info:    Overwriting math alphabet `\mathbb' in version `bold'
(Font)                  OT1/ams/bx/n --> OT1/ams/bx/n on input line 3980.
)
(/usr/share/texlive/texmf-dist/tex/latex/subfig/subfig.sty
Package: subfig 2005/06/28 ver: 1.3 subfig package

(/usr/share/texlive/texmf-dist/tex/latex/caption/caption.sty
Package: caption 2013/05/02 v3.3-89 Customizing captions (AR)

(/usr/share/texlive/texmf-dist/tex/latex/caption/caption3.sty
Package: caption3 2013/05/02 v1.6-88 caption3 kernel (AR)
Package caption3 Info: TeX engine: e-TeX on input line 57.
\captionmargin=\dimen113
\captionmargin@=\dimen114
\captionwidth=\dimen115
\caption@tempdima=\dimen116
\caption@indent=\dimen117
\caption@parindent=\dimen118
\caption@hangindent=\dimen119
Package caption Info: Unknown document class (or package),
(caption)             standard defaults will be used.
)

Package caption Warning: Unsupported document class (or package) detected,
(caption)                usage of the caption package is not recommended.
See the caption package documentation for explanation.

Package caption Info: \@makecaption = \long macro:#1#2->\ifx \FigName \@captype
 \baselineskip 10pt \vskip \abovecaptionskip \setbox \@tempboxa \hbox {\figcapt
ionfont {\figcaptionnumfont #1}.\hskip 7.3pt\relax #2\par }\ifdim \wd \@tempbox
a >\hsize \figcaptionfont {\figcaptionnumfont #1}.\hskip 7.3pt\relax #2\par \el
se \centerline {\box \@tempboxa }\fi \else \setbox \tbbox =\vbox {\hsize \tempd
imen \tablecaptionfont {\tablenumfont #1.\ }{#2\par }}\setbox \@tempboxa \hbox 
{\hsize \tempdimen \tablecaptionfont {\tablenumfont #1.}\ {#2\par }}\ifdim \wd 
\@tempboxa >\tempdimen \centerline {\box \tbbox }\else \centerline {\box \@temp
boxa }\fi \vskip \belowcaptionskip \fi .
\c@ContinuedFloat=\count91
)
\c@KVtest=\count92
\sf@farskip=\skip46
\sf@captopadj=\dimen120
\sf@capskip=\skip47
\sf@nearskip=\skip48
\c@subfigure=\count93
\c@subfigure@save=\count94
\c@lofdepth=\count95
\c@subtable=\count96
\c@subtable@save=\count97
\c@lotdepth=\count98
\sf@top=\skip49
\sf@bottom=\skip50
) (/usr/share/texlive/texmf-dist/tex/latex/graphics/epsfig.sty
Package: epsfig 1999/02/16 v1.7a (e)psfig emulation (SPQR)
\epsfxsize=\dimen121
\epsfysize=\dimen122
)
(/usr/share/texlive/texmf-dist/tex/latex/amsmath/amsmath.sty
Package: amsmath 2013/01/14 v2.14 AMS math features
\@mathmargin=\skip51

For additional information on amsmath, use the `?' option.
(/usr/share/texlive/texmf-dist/tex/latex/amsmath/amstext.sty
Package: amstext 2000/06/29 v2.01

(/usr/share/texlive/texmf-dist/tex/latex/amsmath/amsgen.sty
File: amsgen.sty 1999/11/30 v2.0
\@emptytoks=\toks17
\ex@=\dimen123
)
LaTeX Info: Redefining \text on input line 39.
)
(/usr/share/texlive/texmf-dist/tex/latex/amsmath/amsbsy.sty
Package: amsbsy 1999/11/29 v1.2d
\pmbraise@=\dimen124
)
(/usr/share/texlive/texmf-dist/tex/latex/amsmath/amsopn.sty
Package: amsopn 1999/12/14 v2.01 operator names
)
\inf@bad=\count99
LaTeX Info: Redefining \frac on input line 210.
\uproot@=\count100
\leftroot@=\count101
LaTeX Info: Redefining \overline on input line 306.
\classnum@=\count102
\DOTSCASE@=\count103
LaTeX Info: Redefining \ldots on input line 378.
LaTeX Info: Redefining \dots on input line 381.
LaTeX Info: Redefining \cdots on input line 466.
\Mathstrutbox@=\box34
\strutbox@=\box35
\big@size=\dimen125
LaTeX Font Info:    Redeclaring font encoding OML on input line 566.
LaTeX Font Info:    Redeclaring font encoding OMS on input line 567.
\macc@depth=\count104
\c@MaxMatrixCols=\count105
\dotsspace@=\muskip11
\c@parentequation=\count106
\dspbrk@lvl=\count107
\tag@help=\toks18
\row@=\count108
\column@=\count109
\maxfields@=\count110
\andhelp@=\toks19
\eqnshift@=\dimen126
\alignsep@=\dimen127
\tagshift@=\dimen128
\tagwidth@=\dimen129
\totwidth@=\dimen130
\lineht@=\dimen131
\@envbody=\toks20
\multlinegap=\skip52
\multlinetaggap=\skip53
\mathdisplay@stack=\toks21
LaTeX Info: Redefining \[ on input line 2665.
LaTeX Info: Redefining \] on input line 2666.
)
(/usr/share/texlive/texmf-dist/tex/latex/amsfonts/amsfonts.sty
Package: amsfonts 2013/01/14 v3.01 Basic AMSFonts support
\symAMSa=\mathgroup6
\symAMSb=\mathgroup7
LaTeX Font Info:    Overwriting math alphabet `\mathfrak' in version `bold'
(Font)                  U/euf/m/n --> U/euf/b/n on input line 106.
)
(/usr/share/texlive/texmf-dist/tex/latex/amsfonts/amssymb.sty
Package: amssymb 2013/01/14 v3.01 AMS font symbols
)
(/usr/share/texlive/texmf-dist/tex/latex/natbib/natbib.sty
Package: natbib 2010/09/13 8.31b (PWD, AO)
\bibhang=\skip54
\bibsep=\skip55
LaTeX Info: Redefining \cite on input line 694.
\c@NAT@ctr=\count111
)
(/usr/share/texlive/texmf-dist/tex/latex/multirow/multirow.sty
\bigstrutjot=\dimen132
)
(/usr/share/texlive/texmf-dist/tex/latex/algorithm2e/algorithm2e.sty
Package: algorithm2e 2013/01/06 v5.00 algorithms environments
\c@AlgoLine=\count112

(/usr/share/texlive/texmf-dist/tex/latex/base/ifthen.sty
Package: ifthen 2001/05/26 v1.1c Standard LaTeX ifthen package (DPC)
)
(/usr/share/texlive/texmf-dist/tex/latex/tools/xspace.sty
Package: xspace 2009/10/20 v1.13 Space after command names (DPC,MH)
)
(/usr/share/texlive/texmf-dist/tex/latex/relsize/relsize.sty
Package: relsize 2013/03/29 ver 4.1
)
********************************************************
Package `algorithm2e' Release 5.0 -- january 06 2013 --
- algorithm2e-announce@lirmm.fr mailing list for announcement about releases
- algorithm2e-discussion@lirmm.fr mailing list for discussion about package
subscribe by emailing sympa@lirmm.fr with 'subscribe <list> <firstname name>'
- Author: Christophe Fiorio (cfiorio@um2.fr)
********************************************************
\skiptotal=\skip56
\skiplinenumber=\skip57
\skiprule=\skip58
\skiphlne=\skip59
\skiptext=\skip60
\skiplength=\skip61
\algomargin=\skip62
\skipalgocfslide=\skip63
\algowidth=\dimen133
\inoutsize=\dimen134
\inoutindent=\dimen135
\interspacetitleruled=\dimen136
\interspacealgoruled=\dimen137
\interspacetitleboxruled=\dimen138
\algocf@inoutbox=\box36
\algocf@inputbox=\box37
\AlCapSkip=\skip64
\AlCapHSkip=\skip65
\algoskipindent=\skip66
\algocf@nlbox=\box38
\algocf@hangingbox=\box39
\algocf@untilbox=\box40
\algocf@skipuntil=\skip67
\algocf@capbox=\box41
\algoheightruledefault=\skip68
\algoheightrule=\skip69
\algotitleheightruledefault=\skip70
\algotitleheightrule=\skip71
\c@algocfline=\count113
\c@algocfproc=\count114
\c@algocf=\count115
\algocf@algoframe=\box42
\algocf@algobox=\box43
) (./jss_main.aux)
\openout1 = `jss_main.aux'.

LaTeX Font Info:    Checking defaults for OML/cmm/m/it on input line 53.
LaTeX Font Info:    ... okay on input line 53.
LaTeX Font Info:    Checking defaults for T1/cmr/m/n on input line 53.
LaTeX Font Info:    ... okay on input line 53.
LaTeX Font Info:    Checking defaults for OT1/cmr/m/n on input line 53.
LaTeX Font Info:    ... okay on input line 53.
LaTeX Font Info:    Checking defaults for OMS/cmsy/m/n on input line 53.
LaTeX Font Info:    ... okay on input line 53.
LaTeX Font Info:    Checking defaults for OMX/cmex/m/n on input line 53.
LaTeX Font Info:    ... okay on input line 53.
LaTeX Font Info:    Checking defaults for U/cmr/m/n on input line 53.
LaTeX Font Info:    ... okay on input line 53.
LaTeX Font Info:    Try loading font information for OT1+pnc on input line 53.
 (/usr/share/texlive/texmf-dist/tex/latex/psnfss/ot1pnc.fd
File: ot1pnc.fd 2001/06/04 font definitions for OT1/pnc.
)
Package caption Info: Begin \AtBeginDocument code.
Package caption Info: subfig package v1.3 is loaded.
Package caption Info: End \AtBeginDocument code.
LaTeX Font Info:    Try loading font information for U+lasy on input line 82.

(/usr/share/texlive/texmf-dist/tex/latex/base/ulasy.fd
File: ulasy.fd 1998/08/17 v2.2e LaTeX symbol font definitions
)
LaTeX Font Info:    Try loading font information for U+msa on input line 82.

(/usr/share/texlive/texmf-dist/tex/latex/amsfonts/umsa.fd
File: umsa.fd 2013/01/14 v3.01 AMS symbols A
)
LaTeX Font Info:    Try loading font information for U+msb on input line 82.

(/usr/share/texlive/texmf-dist/tex/latex/amsfonts/umsb.fd
File: umsb.fd 2013/01/14 v3.01 AMS symbols B
)
Excluding 'CCSXML' comment. Excluding 'CCSXML' comment.
LaTeX Font Info:    Try loading font information for OMS+pnc on input line 154.


(/usr/share/texlive/texmf-dist/tex/latex/psnfss/omspnc.fd
File: omspnc.fd 
)
LaTeX Font Info:    Font shape `OMS/pnc/m/n' in size <8> not available
(Font)              Font shape `OMS/cmsy/m/n' tried instead on input line 154.
LaTeX Font Info:    Try loading font information for OT1+phv on input line 156.


(/usr/share/texlive/texmf-dist/tex/latex/psnfss/ot1phv.fd
File: ot1phv.fd 2001/06/04 scalable font definitions for OT1/phv.
)
LaTeX Font Info:    Font shape `OT1/phv/bx/n' in size <12> not available
(Font)              Font shape `OT1/phv/b/n' tried instead on input line 156.
LaTeX Font Info:    Font shape `OT1/cmtt/bx/n' in size <12> not available
(Font)              Font shape `OT1/cmtt/m/n' tried instead on input line 156.
LaTeX Font Info:    Font shape `OT1/pnc/bx/n' in size <8> not available
(Font)              Font shape `OT1/pnc/b/n' tried instead on input line 156.

Underfull \hbox (badness 1342) in paragraph at lines 156--156
\OT1/pnc/m/n/8 Ekhine Irurozki, Josu Ce-be-rio, Josean San-ta-maria, Roberto Sa
n-tana, Alexan-der Mendiburu, 2017.
 []

LaTeX Font Info:    Font shape `OT1/phv/bx/n' in size <9> not available
(Font)              Font shape `OT1/phv/b/n' tried instead on input line 158.
LaTeX Font Info:    Font shape `OT1/pnc/bx/n' in size <10> not available
(Font)              Font shape `OT1/pnc/b/n' tried instead on input line 160.

Package natbib Warning: Citation `toth2001' on page 1 undefined on input line 1
60.


Package natbib Warning: Citation `Gupta2006' on page 1 undefined on input line 
160.


Package natbib Warning: Citation `Burkard98' on page 1 undefined on input line 
160.


Package natbib Warning: Citation `Parsons1995' on page 1 undefined on input lin
e 160.


Package natbib Warning: Citation `toth2001' on page 1 undefined on input line 1
60.


Package natbib Warning: Citation `Beasley2000' on page 1 undefined on input lin
e 160.


Underfull \vbox (badness 10000) has occurred while \output is active []


Overfull \vbox (72.27pt too high) has occurred while \output is active []

 [1

]

Package natbib Warning: Citation `garey1979' on page 2 undefined on input line 
162.


Package natbib Warning: Citation `larranaga2002a' on page 2 undefined on input 
line 166.


Package natbib Warning: Citation `Lozano2005' on page 2 undefined on input line
 166.


Package natbib Warning: Citation `pelikan2002' on page 2 undefined on input lin
e 166.


Package natbib Warning: Citation `ceberio2014d' on page 2 undefined on input li
ne 166.


Package natbib Warning: Citation `armananzas2008' on page 2 undefined on input 
line 166.


Package natbib Warning: Citation `tsutsui2004' on page 2 undefined on input lin
e 166.


Package natbib Warning: Citation `Mendiburu2006' on page 2 undefined on input l
ine 166.


Package natbib Warning: Citation `Yuan2007' on page 2 undefined on input line 1
66.


Package natbib Warning: Citation `Sagarna2006' on page 2 undefined on input lin
e 166.


Package natbib Warning: Citation `Brownlee2008' on page 2 undefined on input li
ne 166.


Package natbib Warning: Citation `Jiang2006' on page 2 undefined on input line 
166.


Package natbib Warning: Citation `McCall2012' on page 2 undefined on input line
 166.


Package natbib Warning: Citation `Soto2012' on page 2 undefined on input line 1
66.


Package natbib Warning: Citation `ceberio2011b' on page 2 undefined on input li
ne 168.


Package natbib Warning: Citation `huang2009' on page 2 undefined on input line 
168.


Package natbib Warning: Citation `ceberio2011a' on page 2 undefined on input li
ne 170.


Package natbib Warning: Citation `ceberio2011c' on page 2 undefined on input li
ne 170.


Package natbib Warning: Citation `ceberio2013a' on page 2 undefined on input li
ne 170.


Package natbib Warning: Citation `ceberio2013b' on page 2 undefined on input li
ne 170.


Package natbib Warning: Citation `ceberio2014c' on page 2 undefined on input li
ne 170.


Package natbib Warning: Citation `ALEDO2017299' on page 2 undefined on input li
ne 170.


Package natbib Warning: Citation `ALEDO2016308' on page 2 undefined on input li
ne 170.


Package natbib Warning: Citation `ZANGARI2017137' on page 2 undefined on input 
line 170.


Package natbib Warning: Citation `ceberio2013a' on page 2 undefined on input li
ne 170.


Package natbib Warning: Citation `Ji2016' on page 2 undefined on input line 170
.


Package natbib Warning: Citation `Ji2016a' on page 2 undefined on input line 17
0.


Package natbib Warning: Citation `Anton-Sanchez2017' on page 2 undefined on inp
ut line 170.


Package natbib Warning: Citation `PEREZRODRIGUEZ2017288' on page 2 undefined on
 input line 170.


Underfull \vbox (badness 10000) has occurred while \output is active []

 [2]

Package natbib Warning: Citation `Santana2010' on page 3 undefined on input lin
e 172.


Package natbib Warning: Citation `mallows1957' on page 3 undefined on input lin
e 172.


Package natbib Warning: Citation `fligner1986' on page 3 undefined on input lin
e 172.


Package natbib Warning: Citation `goldberg1985' on page 3 undefined on input li
ne 172.


Package natbib Warning: Citation `Gupta2006' on page 3 undefined on input line 
172.


Package natbib Warning: Citation `ceberio2014a' on page 3 undefined on input li
ne 172.


Package natbib Warning: Citation `koopmans1955' on page 3 undefined on input li
ne 172.

LaTeX Font Info:    Font shape `OT1/pnc/bx/n' in size <9> not available
(Font)              Font shape `OT1/pnc/b/n' tried instead on input line 198.
[3]

Package natbib Warning: Citation `mallows1957' on page 4 undefined on input lin
e 229.


Underfull \vbox (badness 10000) has occurred while \output is active []

 [4]

Package natbib Warning: Citation `fligner1986' on page 5 undefined on input lin
e 236.

LaTeX Font Info:    Font shape `U/lasy/b/n' in size <7> not available
(Font)              Font shape `U/lasy/m/n' tried instead on input line 236.
LaTeX Font Info:    Font shape `U/lasy/b/n' in size <5> not available
(Font)              Font shape `U/lasy/m/n' tried instead on input line 236.

Package natbib Warning: Citation `irurozki2014d' on page 5 undefined on input l
ine 251.


Package natbib Warning: Citation `irurozki2014c' on page 5 undefined on input l
ine 251.


Package natbib Warning: Citation `ceberio2014c' on page 5 undefined on input li
ne 254.

[5]

Package natbib Warning: Citation `fligner1986' on page 6 undefined on input lin
e 274.


Package natbib Warning: Citation `Irurozki2016' on page 6 undefined on input li
ne 294.

[6]

Package natbib Warning: Citation `diaconis1988' on page 7 undefined on input li
ne 299.


Package natbib Warning: Citation `irurozki2014e' on page 7 undefined on input l
ine 305.


Package natbib Warning: Citation `irurozki2014d' on page 7 undefined on input l
ine 308.


Package natbib Warning: Citation `borda1781' on page 7 undefined on input line 
316.


Package natbib Warning: Citation `Fligner1988' on page 7 undefined on input lin
e 316.


Package natbib Warning: Citation `irurozki2014c' on page 7 undefined on input l
ine 321.


Package natbib Warning: Citation `irurozki2014e' on page 7 undefined on input l
ine 321.


Package natbib Warning: Citation `irurozki2014d' on page 7 undefined on input l
ine 321.


Package natbib Warning: Citation `Mandhani2009' on page 7 undefined on input li
ne 321.


Package natbib Warning: Citation `irurozki2014d' on page 7 undefined on input l
ine 326.

[7]

Package natbib Warning: Citation `irurozki2014d' on page 8 undefined on input l
ine 328.

LaTeX Font Info:    Try loading font information for OMS+cmtt on input line 334
.
(/usr/share/texmf/tex/latex/R/tex/latex/omscmtt.fd
File: omscmtt.fd 
)
LaTeX Font Info:    Font shape `OMS/cmtt/m/n' in size <10> not available
(Font)              Font shape `OMS/cmsy/m/n' tried instead on input line 334.


Package natbib Warning: Citation `ceberio2014c' on page 8 undefined on input li
ne 346.

[8]
File: Figures/TOMs_Problem_WithBest_3_Fitness.eps Graphic file (type eps)
 <Figures/TOMs_Problem_WithBest_3_Fitness.eps>
File: Figures/TOMs_Problem_WithBest_2_Fitness.eps Graphic file (type eps)

<Figures/TOMs_Problem_WithBest_2_Fitness.eps>
File: Figures/TOMs_Problem_WithBest_1_Fitness.eps Graphic file (type eps)

<Figures/TOMs_Problem_WithBest_1_Fitness.eps>
File: Figures/TOMs_Problem_WithBest_3_Theta.eps Graphic file (type eps)

<Figures/TOMs_Problem_WithBest_3_Theta.eps>
File: Figures/TOMs_Problem_WithBest_2_Theta.eps Graphic file (type eps)

<Figures/TOMs_Problem_WithBest_2_Theta.eps>
File: Figures/TOMs_Problem_WithBest_1_Theta.eps Graphic file (type eps)

<Figures/TOMs_Problem_WithBest_1_Theta.eps> [9]
File: Figures/Time_EDA_Components.eps Graphic file (type eps)

<Figures/Time_EDA_Components.eps> [10]

Package natbib Warning: Citation `Plackett1975' on page 11 undefined on input l
ine 414.


Package natbib Warning: Citation `Luce1959' on page 11 undefined on input line 
414.


Package natbib Warning: Citation `Ormale1997' on page 11 undefined on input lin
e 414.


Package natbib Warning: Citation `Santamaria2015' on page 11 undefined on input
 line 414.


Package natbib Warning: Citation `Ceberio2015b' on page 11 undefined on input l
ine 414.

No file jss_main.bbl.

Package natbib Warning: There were undefined citations.

[11] (./jss_main.aux) ) 
Here is how much of TeX's memory you used:
 5664 strings out of 493305
 79000 string characters out of 6139897
 169388 words of memory out of 5000000
 9026 multiletter control sequences out of 15000+600000
 23276 words of font info for 80 fonts, out of 8000000 for 9000
 957 hyphenation exceptions out of 8191
 61i,12n,96p,1378b,519s stack positions out of 5000i,500n,10000p,200000b,80000s

Output written on jss_main.dvi (11 pages, 52700 bytes).
