\BOOKMARK [1][-]{section.1}{\376\377\000I\000n\000t\000r\000o\000d\000u\000c\000t\000i\000o\000n}{}% 1
\BOOKMARK [1][-]{section.2}{\376\377\000I\000n\000s\000t\000a\000l\000l\000a\000t\000i\000o\000n\000\040\000a\000n\000d\000\040\000P\000a\000c\000k\000a\000g\000e\000\040\000S\000t\000r\000u\000c\000t\000u\000r\000e}{}% 2
\BOOKMARK [2][-]{subsection.2.1}{\376\377\000I\000n\000s\000t\000a\000l\000l\000a\000t\000i\000o\000n}{section.2}% 3
\BOOKMARK [2][-]{subsection.2.2}{\376\377\000P\000a\000c\000k\000a\000g\000e\000\040\000S\000t\000r\000u\000c\000t\000u\000r\000e}{section.2}% 4
\BOOKMARK [2][-]{subsection.2.3}{\376\377\000R\000u\000n\000n\000i\000n\000g\000\040\000t\000h\000e\000\040\000E\000x\000a\000m\000p\000l\000e\000s}{section.2}% 5
\BOOKMARK [1][-]{section.3}{\376\377\000D\000e\000f\000i\000n\000i\000n\000g\000\040\000a\000n\000d\000\040\000E\000x\000e\000c\000u\000t\000i\000n\000g\000\040\000a\000n\000\040\000E\000D\000A}{}% 6
\BOOKMARK [2][-]{subsection.3.1}{\376\377\000G\000e\000n\000e\000r\000a\000l\000\040\000D\000e\000s\000c\000r\000i\000p\000t\000i\000o\000n}{section.3}% 7
\BOOKMARK [2][-]{subsection.3.2}{\376\377\000T\000h\000e\000\040\000E\000D\000A\000\040\000C\000l\000a\000s\000s}{section.3}% 8
\BOOKMARK [3][-]{subsubsection.3.2.1}{\376\377\000I\000n\000p\000u\000t\000\040\000P\000a\000r\000a\000m\000e\000t\000e\000r\000s}{subsection.3.2}% 9
\BOOKMARK [3][-]{subsubsection.3.2.2}{\376\377\000O\000u\000t\000p\000u\000t\000:\000\040\000S\000t\000a\000t\000i\000s\000t\000i\000c\000s\000\040\000a\000n\000d\000\040\000C\000a\000c\000h\000e}{subsection.3.2}% 10
\BOOKMARK [2][-]{subsection.3.3}{\376\377\000T\000h\000e\000\040\000E\000D\000A\000C\000o\000m\000p\000o\000n\000e\000n\000t\000s\000\040\000D\000a\000t\000a\000c\000l\000a\000s\000s}{section.3}% 11
\BOOKMARK [2][-]{subsection.3.4}{\376\377\000E\000x\000a\000m\000p\000l\000e\000:\000\040\000U\000M\000D\000A\000\040\000o\000n\000\040\000t\000h\000e\000\040\000O\000n\000e\000M\000a\000x\000\040\000P\000r\000o\000b\000l\000e\000m}{section.3}% 12
\BOOKMARK [2][-]{subsection.3.5}{\376\377\000E\000x\000a\000m\000p\000l\000e\000:\000\040\000G\000a\000u\000s\000s\000i\000a\000n\000\040\000U\000M\000D\000A\000\040\000o\000n\000\040\000t\000h\000e\000\040\000S\000p\000h\000e\000r\000e\000\040\000F\000u\000n\000c\000t\000i\000o\000n}{section.3}% 13
\BOOKMARK [2][-]{subsection.3.6}{\376\377\000F\000i\000t\000n\000e\000s\000s\000\040\000C\000o\000n\000v\000e\000n\000t\000i\000o\000n}{section.3}% 14
\BOOKMARK [1][-]{section.4}{\376\377\000P\000l\000u\000g\000-\000a\000n\000d\000-\000P\000l\000a\000y\000\040\000A\000l\000g\000o\000r\000i\000t\000h\000m\000\040\000C\000l\000a\000s\000s\000e\000s}{}% 15
\BOOKMARK [2][-]{subsection.4.1}{\376\377\000D\000i\000s\000c\000r\000e\000t\000e\000\040\000A\000l\000g\000o\000r\000i\000t\000h\000m\000\040\000C\000l\000a\000s\000s\000e\000s}{section.4}% 16
\BOOKMARK [2][-]{subsection.4.2}{\376\377\000C\000o\000n\000t\000i\000n\000u\000o\000u\000s\000\040\000A\000l\000g\000o\000r\000i\000t\000h\000m\000\040\000C\000l\000a\000s\000s\000e\000s}{section.4}% 17
\BOOKMARK [2][-]{subsection.4.3}{\376\377\000Q\000u\000i\000c\000k\000\040\000C\000o\000m\000p\000a\000r\000i\000s\000o\000n\000\040\000E\000x\000a\000m\000p\000l\000e}{section.4}% 18
\BOOKMARK [1][-]{section.5}{\376\377\000P\000r\000o\000b\000a\000b\000i\000l\000i\000s\000t\000i\000c\000\040\000M\000o\000d\000e\000l\000s\000\040\000a\000n\000d\000\040\000A\000l\000g\000o\000r\000i\000t\000h\000m\000\040\000F\000a\000m\000i\000l\000i\000e\000s}{}% 19
\BOOKMARK [2][-]{subsection.5.1}{\376\377\000D\000i\000s\000c\000r\000e\000t\000e\000\040\000R\000e\000p\000r\000e\000s\000e\000n\000t\000a\000t\000i\000o\000n}{section.5}% 20
\BOOKMARK [2][-]{subsection.5.2}{\376\377\000C\000o\000n\000t\000i\000n\000u\000o\000u\000s\000\040\000R\000e\000p\000r\000e\000s\000e\000n\000t\000a\000t\000i\000o\000n}{section.5}% 21
\BOOKMARK [2][-]{subsection.5.3}{\376\377\000F\000a\000c\000t\000o\000r\000i\000z\000e\000d\000\040\000D\000i\000s\000t\000r\000i\000b\000u\000t\000i\000o\000n\000s}{section.5}% 22
\BOOKMARK [2][-]{subsection.5.4}{\376\377\000U\000n\000i\000v\000a\000r\000i\000a\000t\000e\000\040\000M\000o\000d\000e\000l\000s}{section.5}% 23
\BOOKMARK [2][-]{subsection.5.5}{\376\377\000T\000r\000e\000e\000\040\000a\000n\000d\000\040\000F\000o\000r\000e\000s\000t\000\040\000M\000o\000d\000e\000l\000s}{section.5}% 24
\BOOKMARK [2][-]{subsection.5.6}{\376\377\000B\000a\000y\000e\000s\000i\000a\000n\000\040\000N\000e\000t\000w\000o\000r\000k\000\040\000M\000o\000d\000e\000l\000s}{section.5}% 25
\BOOKMARK [2][-]{subsection.5.7}{\376\377\000M\000o\000s\000t\000\040\000P\000r\000o\000b\000a\000b\000l\000e\000\040\000C\000o\000n\000f\000i\000g\000u\000r\000a\000t\000i\000o\000n\000s}{section.5}% 26
\BOOKMARK [2][-]{subsection.5.8}{\376\377\000M\000a\000r\000k\000o\000v\000\040\000N\000e\000t\000w\000o\000r\000k\000\040\000M\000o\000d\000e\000l\000s}{section.5}% 27
\BOOKMARK [2][-]{subsection.5.9}{\376\377\000M\000a\000r\000k\000o\000v\000\040\000C\000h\000a\000i\000n\000\040\000M\000o\000d\000e\000l\000s}{section.5}% 28
\BOOKMARK [2][-]{subsection.5.10}{\376\377\000C\000o\000n\000s\000t\000r\000a\000i\000n\000e\000d\000\040\000E\000D\000A\000s}{section.5}% 29
\BOOKMARK [2][-]{subsection.5.11}{\376\377\000C\000o\000n\000t\000i\000n\000u\000o\000u\000s\000\040\000G\000a\000u\000s\000s\000i\000a\000n\000\040\000M\000o\000d\000e\000l\000s}{section.5}% 30
\BOOKMARK [2][-]{subsection.5.12}{\376\377\000L\000e\000a\000r\000n\000i\000n\000g\000\040\000f\000r\000o\000m\000\040\000W\000e\000i\000g\000h\000t\000e\000d\000\040\000S\000o\000l\000u\000t\000i\000o\000n\000s}{section.5}% 31
\BOOKMARK [1][-]{section.6}{\376\377\000E\000D\000A\000\040\000C\000o\000m\000p\000o\000n\000e\000n\000t\000s}{}% 32
\BOOKMARK [2][-]{subsection.6.1}{\376\377\000S\000e\000e\000d\000i\000n\000g\000\040\000M\000e\000t\000h\000o\000d\000s}{section.6}% 33
\BOOKMARK [2][-]{subsection.6.2}{\376\377\000S\000e\000l\000e\000c\000t\000i\000o\000n\000\040\000M\000e\000t\000h\000o\000d\000s}{section.6}% 34
\BOOKMARK [2][-]{subsection.6.3}{\376\377\000R\000e\000p\000l\000a\000c\000e\000m\000e\000n\000t\000\040\000M\000e\000t\000h\000o\000d\000s}{section.6}% 35
\BOOKMARK [2][-]{subsection.6.4}{\376\377\000S\000t\000o\000p\000p\000i\000n\000g\000\040\000C\000o\000n\000d\000i\000t\000i\000o\000n\000s}{section.6}% 36
\BOOKMARK [2][-]{subsection.6.5}{\376\377\000L\000o\000c\000a\000l\000\040\000O\000p\000t\000i\000m\000i\000z\000a\000t\000i\000o\000n}{section.6}% 37
\BOOKMARK [3][-]{subsubsection.6.5.1}{\376\377\000B\000u\000d\000g\000e\000t\000-\000\040\000a\000n\000d\000\040\000s\000u\000b\000s\000e\000t\000-\000a\000w\000a\000r\000e\000\040\000m\000e\000m\000e\000t\000i\000c\000\040\000l\000o\000c\000a\000l\000\040\000s\000e\000a\000r\000c\000h}{subsection.6.5}% 38
\BOOKMARK [2][-]{subsection.6.6}{\376\377\000E\000x\000p\000l\000o\000i\000t\000i\000n\000g\000\040\000t\000h\000e\000\040\000m\000o\000d\000e\000l\000\040\000s\000t\000r\000u\000c\000t\000u\000r\000e\000:\000\040\000n\000e\000t\000w\000o\000r\000k\000\040\000c\000r\000o\000s\000s\000o\000v\000e\000r\000\040\000a\000n\000d\000\040\000s\000u\000b\000s\000t\000r\000u\000c\000t\000u\000r\000a\000l\000\040\000s\000e\000a\000r\000c\000h}{section.6}% 39
\BOOKMARK [2][-]{subsection.6.7}{\376\377\000C\000r\000o\000s\000s\000o\000v\000e\000r\000\040\000a\000n\000d\000\040\000M\000u\000t\000a\000t\000i\000o\000n\000\040\000a\000s\000\040\000L\000e\000a\000r\000n\000i\000n\000g\000\040\000a\000n\000d\000\040\000S\000a\000m\000p\000l\000i\000n\000g}{section.6}% 40
\BOOKMARK [2][-]{subsection.6.8}{\376\377\000R\000e\000p\000a\000i\000r\000i\000n\000g\000\040\000M\000e\000t\000h\000o\000d\000s}{section.6}% 41
\BOOKMARK [1][-]{section.7}{\376\377\000T\000e\000s\000t\000\040\000F\000u\000n\000c\000t\000i\000o\000n\000s\000\040\000a\000n\000d\000\040\000B\000e\000n\000c\000h\000m\000a\000r\000k\000\040\000P\000r\000o\000b\000l\000e\000m\000s}{}% 42
\BOOKMARK [2][-]{subsection.7.1}{\376\377\000D\000i\000s\000c\000r\000e\000t\000e\000\040\000F\000u\000n\000c\000t\000i\000o\000n\000s}{section.7}% 43
\BOOKMARK [2][-]{subsection.7.2}{\376\377\000C\000o\000n\000t\000i\000n\000u\000o\000u\000s\000\040\000F\000u\000n\000c\000t\000i\000o\000n\000s}{section.7}% 44
\BOOKMARK [1][-]{section.8}{\376\377\000M\000u\000l\000t\000i\000-\000O\000b\000j\000e\000c\000t\000i\000v\000e\000\040\000O\000p\000t\000i\000m\000i\000z\000a\000t\000i\000o\000n}{}% 45
\BOOKMARK [2][-]{subsection.8.1}{\376\377\000M\000u\000l\000t\000i\000-\000O\000b\000j\000e\000c\000t\000i\000v\000e\000\040\000P\000r\000o\000b\000l\000e\000m\000\040\000D\000e\000f\000i\000n\000i\000t\000i\000o\000n}{section.8}% 46
\BOOKMARK [2][-]{subsection.8.2}{\376\377\000P\000a\000r\000e\000t\000o\000\040\000D\000o\000m\000i\000n\000a\000n\000c\000e}{section.8}% 47
\BOOKMARK [2][-]{subsection.8.3}{\376\377\000M\000u\000l\000t\000i\000-\000O\000b\000j\000e\000c\000t\000i\000v\000e\000\040\000S\000e\000l\000e\000c\000t\000i\000o\000n}{section.8}% 48
\BOOKMARK [2][-]{subsection.8.4}{\376\377\000M\000e\000t\000r\000i\000c\000s\000,\000\040\000A\000r\000c\000h\000i\000v\000e\000,\000\040\000a\000n\000d\000\040\000O\000f\000f\000s\000p\000r\000i\000n\000g\000\040\000G\000e\000n\000e\000r\000a\000t\000i\000o\000n}{section.8}% 49
\BOOKMARK [2][-]{subsection.8.5}{\376\377\000M\000u\000l\000t\000i\000-\000O\000b\000j\000e\000c\000t\000i\000v\000e\000\040\000E\000D\000A\000\040\000P\000i\000p\000e\000l\000i\000n\000e}{section.8}% 50
\BOOKMARK [2][-]{subsection.8.6}{\376\377\000E\000x\000t\000r\000a\000c\000t\000i\000n\000g\000\040\000P\000a\000r\000e\000t\000o\000\040\000F\000r\000o\000n\000t\000s}{section.8}% 51
\BOOKMARK [1][-]{section.9}{\376\377\000K\000n\000o\000w\000l\000e\000d\000g\000e\000\040\000E\000x\000t\000r\000a\000c\000t\000i\000o\000n\000\040\000a\000n\000d\000\040\000T\000r\000a\000n\000s\000f\000e\000r\000\040\000L\000e\000a\000r\000n\000i\000n\000g}{}% 52
\BOOKMARK [2][-]{subsection.9.1}{\376\377\000D\000e\000p\000e\000n\000d\000e\000n\000c\000y\000\040\000A\000n\000a\000l\000y\000s\000i\000s}{section.9}% 53
\BOOKMARK [2][-]{subsection.9.2}{\376\377\000F\000i\000t\000n\000e\000s\000s\000\040\000M\000e\000a\000s\000u\000r\000e\000s}{section.9}% 54
\BOOKMARK [2][-]{subsection.9.3}{\376\377\000N\000e\000t\000w\000o\000r\000k\000\040\000M\000e\000a\000s\000u\000r\000e\000s\000\040\000a\000n\000d\000\040\000V\000i\000s\000u\000a\000l\000i\000z\000a\000t\000i\000o\000n\000s}{section.9}% 55
\BOOKMARK [2][-]{subsection.9.4}{\376\377\000C\000o\000n\000t\000i\000n\000u\000o\000u\000s\000\040\000V\000a\000r\000i\000a\000b\000l\000e\000\040\000A\000n\000a\000l\000y\000s\000i\000s}{section.9}% 56
\BOOKMARK [2][-]{subsection.9.5}{\376\377\000T\000r\000a\000n\000s\000f\000e\000r\000\040\000L\000e\000a\000r\000n\000i\000n\000g}{section.9}% 57
\BOOKMARK [1][-]{section.10}{\376\377\000I\000n\000j\000e\000c\000t\000i\000n\000g\000\040\000A\000-\000P\000r\000i\000o\000r\000i\000\040\000K\000n\000o\000w\000l\000e\000d\000g\000e}{}% 58
\BOOKMARK [2][-]{subsection.10.1}{\376\377\000F\000i\000x\000e\000d\000\040\000F\000a\000c\000t\000o\000r\000i\000z\000a\000t\000i\000o\000n\000s}{section.10}% 59
\BOOKMARK [2][-]{subsection.10.2}{\376\377\000I\000n\000t\000e\000r\000a\000c\000t\000i\000o\000n\000\040\000M\000a\000t\000r\000i\000c\000e\000s}{section.10}% 60
\BOOKMARK [2][-]{subsection.10.3}{\376\377\000B\000i\000a\000s\000e\000d\000\040\000I\000n\000i\000t\000i\000a\000l\000i\000z\000a\000t\000i\000o\000n}{section.10}% 61
\BOOKMARK [2][-]{subsection.10.4}{\376\377\000C\000o\000n\000s\000t\000r\000a\000i\000n\000e\000d\000\040\000S\000e\000a\000r\000c\000h}{section.10}% 62
\BOOKMARK [1][-]{section.11}{\376\377\000E\000x\000t\000e\000n\000s\000i\000o\000n\000s\000\040\000t\000o\000\040\000p\000a\000t\000e\000d\000a}{}% 63
\BOOKMARK [2][-]{subsection.11.1}{\376\377\000P\000r\000o\000b\000l\000e\000m\000s\000\040\000w\000i\000t\000h\000\040\000p\000e\000r\000m\000u\000t\000a\000t\000i\000o\000n\000\040\000r\000e\000p\000r\000e\000s\000e\000n\000t\000a\000t\000i\000o\000n\000\040\000\050\000p\000e\000r\000m\000\137\000p\000a\000t\000e\000d\000a\000\051}{section.11}% 64
\BOOKMARK [2][-]{subsection.11.2}{\376\377\000M\000o\000d\000e\000l\000\040\000l\000e\000a\000r\000n\000i\000n\000g\000\040\000w\000i\000t\000h\000\040\000n\000e\000u\000r\000a\000l\000\040\000n\000e\000t\000w\000o\000r\000k\000s\000\040\000\050\000n\000n\000\137\000p\000a\000t\000e\000d\000a\000\051}{section.11}% 65
\BOOKMARK [2][-]{subsection.11.3}{\376\377\000S\000e\000a\000r\000c\000h\000i\000n\000g\000\040\000i\000n\000\040\000t\000h\000e\000\040\000n\000e\000u\000r\000a\000l\000\040\000l\000a\000t\000e\000n\000t\000\040\000r\000e\000p\000r\000e\000s\000e\000n\000t\000a\000t\000i\000o\000n\000\040\000s\000p\000a\000c\000e\000\040\000\050\000l\000a\000t\000e\000n\000t\000\137\000s\000e\000a\000r\000c\000h\000\051}{section.11}% 66
\BOOKMARK [1][-]{section.12}{\376\377\000E\000D\000A\000\040\000P\000i\000p\000e\000l\000i\000n\000e\000s\000:\000\040\000m\000o\000d\000e\000l\000\040\000o\000p\000e\000r\000a\000t\000o\000r\000s\000\040\000a\000n\000d\000\040\000a\000\040\000g\000e\000n\000e\000r\000a\000t\000i\000v\000e\000\040\000g\000r\000a\000m\000m\000a\000r}{}% 67
\BOOKMARK [2][-]{subsection.12.1}{\376\377\000M\000o\000d\000e\000l\000\040\000o\000p\000e\000r\000a\000t\000o\000r\000s\000:\000\040\000M\000O\000D\000M\000O\000D\000\040\000a\000n\000d\000\040\000M\000O\000D\000C\000O\000N\000V}{section.12}% 68
\BOOKMARK [2][-]{subsection.12.2}{\376\377\000A\000\040\000c\000o\000n\000t\000e\000x\000t\000-\000f\000r\000e\000e\000\040\000g\000r\000a\000m\000m\000a\000r\000\040\000f\000o\000r\000\040\000f\000e\000a\000s\000i\000b\000l\000e\000\040\000p\000i\000p\000e\000l\000i\000n\000e\000s}{section.12}% 69
\BOOKMARK [2][-]{subsection.12.3}{\376\377\000A\000\040\000m\000u\000l\000t\000i\000-\000o\000b\000j\000e\000c\000t\000i\000v\000e\000\040\000m\000e\000t\000a\000-\000o\000p\000t\000i\000m\000i\000z\000e\000r\000\040\000o\000v\000e\000r\000\040\000p\000i\000p\000e\000l\000i\000n\000e\000s}{section.12}% 70
\BOOKMARK [1][-]{section.13}{\376\377\000C\000o\000n\000c\000l\000u\000s\000i\000o\000n\000s}{}% 71
