This is pdfTeX, Version 3.141592653-2.6-1.40.22 (TeX Live 2022/dev/Debian) (preloaded format=pdflatex 2026.1.30)  22 JUL 2026 12:36
entering extended mode
 restricted \write18 enabled.
 %&-line parsing enabled.
**pateda_user_guide_v3.tex
(./pateda_user_guide_v3.tex
LaTeX2e <2021-11-15> patch level 1
L3 programming layer <2022-01-21>
(/usr/share/texlive/texmf-dist/tex/latex/base/article.cls
Document Class: article 2021/10/04 v1.4n Standard LaTeX document class
(/usr/share/texlive/texmf-dist/tex/latex/base/size11.clo
File: size11.clo 2021/10/04 v1.4n Standard LaTeX file (size option)
)
\c@part=\count185
\c@section=\count186
\c@subsection=\count187
\c@subsubsection=\count188
\c@paragraph=\count189
\c@subparagraph=\count190
\c@figure=\count191
\c@table=\count192
\abovecaptionskip=\skip47
\belowcaptionskip=\skip48
\bibindent=\dimen138
)
(/usr/share/texlive/texmf-dist/tex/latex/base/inputenc.sty
Package: inputenc 2021/02/14 v1.3d Input encoding file
\inpenc@prehook=\toks16
\inpenc@posthook=\toks17
)
(/usr/share/texlive/texmf-dist/tex/latex/base/fontenc.sty
Package: fontenc 2021/04/29 v2.0v Standard LaTeX package
)
(/usr/share/texlive/texmf-dist/tex/latex/amsmath/amsmath.sty
Package: amsmath 2021/10/15 v2.17l AMS math features
\@mathmargin=\skip49

For additional information on amsmath, use the `?' option.
(/usr/share/texlive/texmf-dist/tex/latex/amsmath/amstext.sty
Package: amstext 2021/08/26 v2.01 AMS text

(/usr/share/texlive/texmf-dist/tex/latex/amsmath/amsgen.sty
File: amsgen.sty 1999/11/30 v2.0 generic functions
\@emptytoks=\toks18
\ex@=\dimen139
))
(/usr/share/texlive/texmf-dist/tex/latex/amsmath/amsbsy.sty
Package: amsbsy 1999/11/29 v1.2d Bold Symbols
\pmbraise@=\dimen140
)
(/usr/share/texlive/texmf-dist/tex/latex/amsmath/amsopn.sty
Package: amsopn 2021/08/26 v2.02 operator names
)
\inf@bad=\count193
LaTeX Info: Redefining \frac on input line 234.
\uproot@=\count194
\leftroot@=\count195
LaTeX Info: Redefining \overline on input line 399.
\classnum@=\count196
\DOTSCASE@=\count197
LaTeX Info: Redefining \ldots on input line 496.
LaTeX Info: Redefining \dots on input line 499.
LaTeX Info: Redefining \cdots on input line 620.
\Mathstrutbox@=\box50
\strutbox@=\box51
\big@size=\dimen141
LaTeX Font Info:    Redeclaring font encoding OML on input line 743.
LaTeX Font Info:    Redeclaring font encoding OMS on input line 744.
\macc@depth=\count198
\c@MaxMatrixCols=\count199
\dotsspace@=\muskip16
\c@parentequation=\count266
\dspbrk@lvl=\count267
\tag@help=\toks19
\row@=\count268
\column@=\count269
\maxfields@=\count270
\andhelp@=\toks20
\eqnshift@=\dimen142
\alignsep@=\dimen143
\tagshift@=\dimen144
\tagwidth@=\dimen145
\totwidth@=\dimen146
\lineht@=\dimen147
\@envbody=\toks21
\multlinegap=\skip50
\multlinetaggap=\skip51
\mathdisplay@stack=\toks22
LaTeX Info: Redefining \[ on input line 2938.
LaTeX Info: Redefining \] on input line 2939.
)
(/usr/share/texlive/texmf-dist/tex/latex/amsfonts/amssymb.sty
Package: amssymb 2013/01/14 v3.01 AMS font symbols

(/usr/share/texlive/texmf-dist/tex/latex/amsfonts/amsfonts.sty
Package: amsfonts 2013/01/14 v3.01 Basic AMSFonts support
\symAMSa=\mathgroup4
\symAMSb=\mathgroup5
LaTeX Font Info:    Redeclaring math symbol \hbar on input line 98.
LaTeX Font Info:    Overwriting math alphabet `\mathfrak' in version `bold'
(Font)                  U/euf/m/n --> U/euf/b/n on input line 106.
))
(/usr/share/texlive/texmf-dist/tex/latex/amscls/amsthm.sty
Package: amsthm 2020/05/29 v2.20.6
\thm@style=\toks23
\thm@bodyfont=\toks24
\thm@headfont=\toks25
\thm@notefont=\toks26
\thm@headpunct=\toks27
\thm@preskip=\skip52
\thm@postskip=\skip53
\thm@headsep=\skip54
\dth@everypar=\toks28
)
(/usr/share/texlive/texmf-dist/tex/latex/algorithms/algorithm.sty
Package: algorithm 2009/08/24 v0.1 Document Style `algorithm' - floating enviro
nment

(/usr/share/texlive/texmf-dist/tex/latex/float/float.sty
Package: float 2001/11/08 v1.3d Float enhancements (AL)
\c@float@type=\count271
\float@exts=\toks29
\float@box=\box52
\@float@everytoks=\toks30
\@floatcapt=\box53
)
(/usr/share/texlive/texmf-dist/tex/latex/base/ifthen.sty
Package: ifthen 2020/11/24 v1.1c Standard LaTeX ifthen package (DPC)
)
\@float@every@algorithm=\toks31
\c@algorithm=\count272
)
(/usr/share/texlive/texmf-dist/tex/latex/algorithmicx/algpseudocode.sty
Package: algpseudocode 

(/usr/share/texlive/texmf-dist/tex/latex/algorithmicx/algorithmicx.sty
Package: algorithmicx 2005/04/27 v1.2 Algorithmicx

Document Style algorithmicx 1.2 - a greatly improved `algorithmic' style
\c@ALG@line=\count273
\c@ALG@rem=\count274
\c@ALG@nested=\count275
\ALG@tlm=\skip55
\ALG@thistlm=\skip56
\c@ALG@Lnr=\count276
\c@ALG@blocknr=\count277
\c@ALG@storecount=\count278
\c@ALG@tmpcounter=\count279
\ALG@tmplength=\skip57
)
Document Style - pseudocode environments for use with the `algorithmicx' style
) (/usr/share/texlive/texmf-dist/tex/latex/listings/listings.sty
(/usr/share/texlive/texmf-dist/tex/latex/graphics/keyval.sty
Package: keyval 2014/10/28 v1.15 key=value parser (DPC)
\KV@toks@=\toks32
)
\lst@mode=\count280
\lst@gtempboxa=\box54
\lst@token=\toks33
\lst@length=\count281
\lst@currlwidth=\dimen148
\lst@column=\count282
\lst@pos=\count283
\lst@lostspace=\dimen149
\lst@width=\dimen150
\lst@newlines=\count284
\lst@lineno=\count285
\lst@maxwidth=\dimen151

(/usr/share/texlive/texmf-dist/tex/latex/listings/lstmisc.sty
File: lstmisc.sty 2020/03/24 1.8d (Carsten Heinz)
\c@lstnumber=\count286
\lst@skipnumbers=\count287
\lst@framebox=\box55
)
(/usr/share/texlive/texmf-dist/tex/latex/listings/listings.cfg
File: listings.cfg 2020/03/24 1.8d listings configuration
))
Package: listings 2020/03/24 1.8d (Carsten Heinz)

(/usr/share/texlive/texmf-dist/tex/latex/xcolor/xcolor.sty
Package: xcolor 2021/10/31 v2.13 LaTeX color extensions (UK)

(/usr/share/texlive/texmf-dist/tex/latex/graphics-cfg/color.cfg
File: color.cfg 2016/01/02 v1.6 sample color configuration
)
Package xcolor Info: Driver file: pdftex.def on input line 227.

(/usr/share/texlive/texmf-dist/tex/latex/graphics-def/pdftex.def
File: pdftex.def 2020/10/05 v1.2a Graphics/color driver for pdftex
)
Package xcolor Info: Model `cmy' substituted by `cmy0' on input line 1352.
Package xcolor Info: Model `hsb' substituted by `rgb' on input line 1356.
Package xcolor Info: Model `RGB' extended on input line 1368.
Package xcolor Info: Model `HTML' substituted by `rgb' on input line 1370.
Package xcolor Info: Model `Hsb' substituted by `hsb' on input line 1371.
Package xcolor Info: Model `tHsb' substituted by `hsb' on input line 1372.
Package xcolor Info: Model `HSB' substituted by `hsb' on input line 1373.
Package xcolor Info: Model `Gray' substituted by `gray' on input line 1374.
Package xcolor Info: Model `wave' substituted by `hsb' on input line 1375.
)
(/usr/share/texlive/texmf-dist/tex/latex/hyperref/hyperref.sty
Package: hyperref 2021-06-07 v7.00m Hypertext links for LaTeX

(/usr/share/texlive/texmf-dist/tex/generic/ltxcmds/ltxcmds.sty
Package: ltxcmds 2020-05-10 v1.25 LaTeX kernel commands for general use (HO)
)
(/usr/share/texlive/texmf-dist/tex/generic/iftex/iftex.sty
Package: iftex 2020/03/06 v1.0d TeX engine tests
)
(/usr/share/texlive/texmf-dist/tex/generic/pdftexcmds/pdftexcmds.sty
Package: pdftexcmds 2020-06-27 v0.33 Utility functions of pdfTeX for LuaTeX (HO
)

(/usr/share/texlive/texmf-dist/tex/generic/infwarerr/infwarerr.sty
Package: infwarerr 2019/12/03 v1.5 Providing info/warning/error messages (HO)
)
Package pdftexcmds Info: \pdf@primitive is available.
Package pdftexcmds Info: \pdf@ifprimitive is available.
Package pdftexcmds Info: \pdfdraftmode found.
)
(/usr/share/texlive/texmf-dist/tex/generic/kvsetkeys/kvsetkeys.sty
Package: kvsetkeys 2019/12/15 v1.18 Key value parser (HO)
)
(/usr/share/texlive/texmf-dist/tex/generic/kvdefinekeys/kvdefinekeys.sty
Package: kvdefinekeys 2019-12-19 v1.6 Define keys (HO)
)
(/usr/share/texlive/texmf-dist/tex/generic/pdfescape/pdfescape.sty
Package: pdfescape 2019/12/09 v1.15 Implements pdfTeX's escape features (HO)
)
(/usr/share/texlive/texmf-dist/tex/latex/hycolor/hycolor.sty
Package: hycolor 2020-01-27 v1.10 Color options for hyperref/bookmark (HO)
)
(/usr/share/texlive/texmf-dist/tex/latex/letltxmacro/letltxmacro.sty
Package: letltxmacro 2019/12/03 v1.6 Let assignment for LaTeX macros (HO)
)
(/usr/share/texlive/texmf-dist/tex/latex/auxhook/auxhook.sty
Package: auxhook 2019-12-17 v1.6 Hooks for auxiliary files (HO)
)
(/usr/share/texlive/texmf-dist/tex/latex/kvoptions/kvoptions.sty
Package: kvoptions 2020-10-07 v3.14 Key value format for package options (HO)
)
\@linkdim=\dimen152
\Hy@linkcounter=\count288
\Hy@pagecounter=\count289

(/usr/share/texlive/texmf-dist/tex/latex/hyperref/pd1enc.def
File: pd1enc.def 2021-06-07 v7.00m Hyperref: PDFDocEncoding definition (HO)
Now handling font encoding PD1 ...
... no UTF-8 mapping file for font encoding PD1
)
(/usr/share/texlive/texmf-dist/tex/latex/hyperref/hyperref-langpatches.def
File: hyperref-langpatches.def 2021-06-07 v7.00m Hyperref: patches for babel la
nguages
)
(/usr/share/texlive/texmf-dist/tex/generic/intcalc/intcalc.sty
Package: intcalc 2019/12/15 v1.3 Expandable calculations with integers (HO)
)
(/usr/share/texlive/texmf-dist/tex/generic/etexcmds/etexcmds.sty
Package: etexcmds 2019/12/15 v1.7 Avoid name clashes with e-TeX commands (HO)
)
\Hy@SavedSpaceFactor=\count290

(/usr/share/texlive/texmf-dist/tex/latex/hyperref/puenc.def
File: puenc.def 2021-06-07 v7.00m Hyperref: PDF Unicode definition (HO)
Now handling font encoding PU ...
... no UTF-8 mapping file for font encoding PU
)
Package hyperref Info: Hyper figures OFF on input line 4192.
Package hyperref Info: Link nesting OFF on input line 4197.
Package hyperref Info: Hyper index ON on input line 4200.
Package hyperref Info: Plain pages OFF on input line 4207.
Package hyperref Info: Backreferencing OFF on input line 4212.
Package hyperref Info: Implicit mode ON; LaTeX internals redefined.
Package hyperref Info: Bookmarks ON on input line 4445.
\c@Hy@tempcnt=\count291

(/usr/share/texlive/texmf-dist/tex/latex/url/url.sty
\Urlmuskip=\muskip17
Package: url 2013/09/16  ver 3.4  Verb mode for urls, etc.
)
LaTeX Info: Redefining \url on input line 4804.
\XeTeXLinkMargin=\dimen153

(/usr/share/texlive/texmf-dist/tex/generic/bitset/bitset.sty
Package: bitset 2019/12/09 v1.3 Handle bit-vector datatype (HO)

(/usr/share/texlive/texmf-dist/tex/generic/bigintcalc/bigintcalc.sty
Package: bigintcalc 2019/12/15 v1.5 Expandable calculations on big integers (HO
)
))
\Fld@menulength=\count292
\Field@Width=\dimen154
\Fld@charsize=\dimen155
Package hyperref Info: Hyper figures OFF on input line 6076.
Package hyperref Info: Link nesting OFF on input line 6081.
Package hyperref Info: Hyper index ON on input line 6084.
Package hyperref Info: backreferencing OFF on input line 6091.
Package hyperref Info: Link coloring OFF on input line 6096.
Package hyperref Info: Link coloring with OCG OFF on input line 6101.
Package hyperref Info: PDF/A mode OFF on input line 6106.
LaTeX Info: Redefining \ref on input line 6146.
LaTeX Info: Redefining \pageref on input line 6150.

(/usr/share/texlive/texmf-dist/tex/latex/base/atbegshi-ltx.sty
Package: atbegshi-ltx 2021/01/10 v1.0c Emulation of the original atbegshi
package with kernel methods
)
\Hy@abspage=\count293
\c@Item=\count294
\c@Hfootnote=\count295
)
Package hyperref Info: Driver (autodetected): hpdftex.

(/usr/share/texlive/texmf-dist/tex/latex/hyperref/hpdftex.def
File: hpdftex.def 2021-06-07 v7.00m Hyperref driver for pdfTeX

(/usr/share/texlive/texmf-dist/tex/latex/base/atveryend-ltx.sty
Package: atveryend-ltx 2020/08/19 v1.0a Emulation of the original atveryend pac
kage
with kernel methods
)
\Fld@listcount=\count296
\c@bookmark@seq@number=\count297

(/usr/share/texlive/texmf-dist/tex/latex/rerunfilecheck/rerunfilecheck.sty
Package: rerunfilecheck 2019/12/05 v1.9 Rerun checks for auxiliary files (HO)

(/usr/share/texlive/texmf-dist/tex/generic/uniquecounter/uniquecounter.sty
Package: uniquecounter 2019/12/15 v1.4 Provide unlimited unique counter (HO)
)
Package uniquecounter Info: New unique counter `rerunfilecheck' on input line 2
86.
)
\Hy@SectionHShift=\skip58
)
(/usr/share/texlive/texmf-dist/tex/latex/graphics/graphicx.sty
Package: graphicx 2021/09/16 v1.2d Enhanced LaTeX Graphics (DPC,SPQR)

(/usr/share/texlive/texmf-dist/tex/latex/graphics/graphics.sty
Package: graphics 2021/03/04 v1.4d Standard LaTeX Graphics (DPC,SPQR)

(/usr/share/texlive/texmf-dist/tex/latex/graphics/trig.sty
Package: trig 2021/08/11 v1.11 sin cos tan (DPC)
)
(/usr/share/texlive/texmf-dist/tex/latex/graphics-cfg/graphics.cfg
File: graphics.cfg 2016/06/04 v1.11 sample graphics configuration
)
Package graphics Info: Driver file: pdftex.def on input line 107.
)
\Gin@req@height=\dimen156
\Gin@req@width=\dimen157
)
(/usr/share/texlive/texmf-dist/tex/latex/booktabs/booktabs.sty
Package: booktabs 2020/01/12 v1.61803398 Publication quality tables
\heavyrulewidth=\dimen158
\lightrulewidth=\dimen159
\cmidrulewidth=\dimen160
\belowrulesep=\dimen161
\belowbottomsep=\dimen162
\aboverulesep=\dimen163
\abovetopsep=\dimen164
\cmidrulesep=\dimen165
\cmidrulekern=\dimen166
\defaultaddspace=\dimen167
\@cmidla=\count298
\@cmidlb=\count299
\@aboverulesep=\dimen168
\@belowrulesep=\dimen169
\@thisruleclass=\count300
\@lastruleclass=\count301
\@thisrulewidth=\dimen170
)
(/usr/share/texlive/texmf-dist/tex/latex/tools/array.sty
Package: array 2021/10/04 v2.5f Tabular extension package (FMi)
\col@sep=\dimen171
\ar@mcellbox=\box56
\extrarowheight=\dimen172
\NC@list=\toks34
\extratabsurround=\skip59
\backup@length=\skip60
\ar@cellbox=\box57
)
(/usr/share/texlive/texmf-dist/tex/latex/tools/longtable.sty
Package: longtable 2021-09-01 v4.17 Multi-page Table package (DPC)
\LTleft=\skip61
\LTright=\skip62
\LTpre=\skip63
\LTpost=\skip64
\LTchunksize=\count302
\LTcapwidth=\dimen173
\LT@head=\box58
\LT@firsthead=\box59
\LT@foot=\box60
\LT@lastfoot=\box61
\LT@gbox=\box62
\LT@cols=\count303
\LT@rows=\count304
\c@LT@tables=\count305
\c@LT@chunks=\count306
\LT@p@ftn=\toks35
)
(/usr/share/texlive/texmf-dist/tex/latex/geometry/geometry.sty
Package: geometry 2020/01/02 v5.9 Page Geometry

(/usr/share/texlive/texmf-dist/tex/generic/iftex/ifvtex.sty
Package: ifvtex 2019/10/25 v1.7 ifvtex legacy package. Use iftex instead.
)
\Gm@cnth=\count307
\Gm@cntv=\count308
\c@Gm@tempcnt=\count309
\Gm@bindingoffset=\dimen174
\Gm@wd@mp=\dimen175
\Gm@odd@mp=\dimen176
\Gm@even@mp=\dimen177
\Gm@layoutwidth=\dimen178
\Gm@layoutheight=\dimen179
\Gm@layouthoffset=\dimen180
\Gm@layoutvoffset=\dimen181
\Gm@dimlist=\toks36
)
(/usr/share/texlive/texmf-dist/tex/latex/natbib/natbib.sty
Package: natbib 2010/09/13 8.31b (PWD, AO)
\bibhang=\skip65
\bibsep=\skip66
LaTeX Info: Redefining \cite on input line 694.
\c@NAT@ctr=\count310
)
(/usr/share/texlive/texmf-dist/tex/latex/listings/lstlang1.sty
File: lstlang1.sty 2020/03/24 1.8d listings language file
)
\c@definition=\count311
\c@example=\count312

(/usr/share/texlive/texmf-dist/tex/latex/l3backend/l3backend-pdftex.def
File: l3backend-pdftex.def 2022-01-12 L3 backend support: PDF output (pdfTeX)
\l__color_backend_stack_int=\count313
\l__pdf_internal_box=\box63
)
(./pateda_user_guide_v3.aux)
\openout1 = `pateda_user_guide_v3.aux'.

LaTeX Font Info:    Checking defaults for OML/cmm/m/it on input line 53.
LaTeX Font Info:    ... okay on input line 53.
LaTeX Font Info:    Checking defaults for OMS/cmsy/m/n on input line 53.
LaTeX Font Info:    ... okay on input line 53.
LaTeX Font Info:    Checking defaults for OT1/cmr/m/n on input line 53.
LaTeX Font Info:    ... okay on input line 53.
LaTeX Font Info:    Checking defaults for T1/cmr/m/n on input line 53.
LaTeX Font Info:    ... okay on input line 53.
LaTeX Font Info:    Checking defaults for TS1/cmr/m/n on input line 53.
LaTeX Font Info:    ... okay on input line 53.
LaTeX Font Info:    Checking defaults for OMX/cmex/m/n on input line 53.
LaTeX Font Info:    ... okay on input line 53.
LaTeX Font Info:    Checking defaults for U/cmr/m/n on input line 53.
LaTeX Font Info:    ... okay on input line 53.
LaTeX Font Info:    Checking defaults for PD1/pdf/m/n on input line 53.
LaTeX Font Info:    ... okay on input line 53.
LaTeX Font Info:    Checking defaults for PU/pdf/m/n on input line 53.
LaTeX Font Info:    ... okay on input line 53.
\c@lstlisting=\count314

(/usr/share/texlive/texmf-dist/tex/context/base/mkii/supp-pdf.mkii
[Loading MPS to PDF converter (version 2006.09.02).]
\scratchcounter=\count315
\scratchdimen=\dimen182
\scratchbox=\box64
\nofMPsegments=\count316
\nofMParguments=\count317
\everyMPshowfont=\toks37
\MPscratchCnt=\count318
\MPscratchDim=\dimen183
\MPnumerator=\count319
\makeMPintoPDFobject=\count320
\everyMPtoPDFconversion=\toks38
) (/usr/share/texlive/texmf-dist/tex/latex/epstopdf-pkg/epstopdf-base.sty
Package: epstopdf-base 2020-01-24 v2.11 Base part for package epstopdf
Package epstopdf-base Info: Redefining graphics rule for `.eps' on input line 4
85.

(/usr/share/texlive/texmf-dist/tex/latex/latexconfig/epstopdf-sys.cfg
File: epstopdf-sys.cfg 2010/07/13 v1.3 Configuration of (r)epstopdf for TeX Liv
e
))
Package hyperref Info: Link coloring OFF on input line 53.

(/usr/share/texlive/texmf-dist/tex/latex/hyperref/nameref.sty
Package: nameref 2021-04-02 v2.47 Cross-referencing by name of section

(/usr/share/texlive/texmf-dist/tex/latex/refcount/refcount.sty
Package: refcount 2019/12/15 v3.6 Data extraction from label references (HO)
)
(/usr/share/texlive/texmf-dist/tex/generic/gettitlestring/gettitlestring.sty
Package: gettitlestring 2019/12/15 v1.6 Cleanup title references (HO)
)
\c@section@level=\count321
)
LaTeX Info: Redefining \ref on input line 53.
LaTeX Info: Redefining \pageref on input line 53.
LaTeX Info: Redefining \nameref on input line 53.

(./pateda_user_guide_v3.out) (./pateda_user_guide_v3.out)
\@outlinefile=\write3
\openout3 = `pateda_user_guide_v3.out'.


*geometry* driver: auto-detecting
*geometry* detected driver: pdftex
*geometry* verbose mode - [ preamble ] result:
* driver: pdftex
* paper: a4paper
* layout: <same size as paper>
* layoutoffset:(h,v)=(0.0pt,0.0pt)
* modes: 
* h-part:(L,W,R)=(71.13188pt, 455.24411pt, 71.13188pt)
* v-part:(T,H,B)=(71.13188pt, 702.78308pt, 71.13188pt)
* \paperwidth=597.50787pt
* \paperheight=845.04684pt
* \textwidth=455.24411pt
* \textheight=702.78308pt
* \oddsidemargin=-1.1381pt
* \evensidemargin=-1.1381pt
* \topmargin=-38.1381pt
* \headheight=12.0pt
* \headsep=25.0pt
* \topskip=11.0pt
* \footskip=30.0pt
* \marginparwidth=50.0pt
* \marginparsep=10.0pt
* \columnsep=10.0pt
* \skip\footins=10.0pt plus 4.0pt minus 2.0pt
* \hoffset=0.0pt
* \voffset=0.0pt
* \mag=1000
* \@twocolumnfalse
* \@twosidefalse
* \@mparswitchfalse
* \@reversemarginfalse
* (1in=72.27pt=25.4mm, 1cm=28.453pt)

LaTeX Font Info:    Trying to load font information for U+msa on input line 55.

(/usr/share/texlive/texmf-dist/tex/latex/amsfonts/umsa.fd
File: umsa.fd 2013/01/14 v3.01 AMS symbols A
)
LaTeX Font Info:    Trying to load font information for U+msb on input line 55.


(/usr/share/texlive/texmf-dist/tex/latex/amsfonts/umsb.fd
File: umsb.fd 2013/01/14 v3.01 AMS symbols B
)
LaTeX Font Info:    Trying to load font information for T1+cmtt on input line 5
5.

(/usr/share/texlive/texmf-dist/tex/latex/base/t1cmtt.fd
File: t1cmtt.fd 2019/12/16 v2.5j Standard LaTeX font definitions
)
(./pateda_user_guide_v3.toc [1

{/var/lib/texmf/fonts/map/pdftex/updmap/pdftex.map}] [2])
\tf@toc=\write4
\openout4 = `pateda_user_guide_v3.toc'.

 [3] [4] (/usr/share/texlive/texmf-dist/tex/latex/listings/lstlang1.sty
File: lstlang1.sty 2020/03/24 1.8d listings language file
) (/usr/share/texlive/texmf-dist/tex/latex/listings/lstlang1.sty
File: lstlang1.sty 2020/03/24 1.8d listings language file
)
LaTeX Font Info:    Font shape `T1/cmtt/bx/n' in size <10> not available
(Font)              Font shape `T1/cmtt/m/n' tried instead on input line 133.

Underfull \hbox (badness 10000) in paragraph at lines 154--155
[]|\T1/cmr/m/n/10.95 Plug-and-play wrap-pers: \T1/cmtt/m/n/10.95 discrete.py\T1
/cmr/m/n/10.95 ,
 []

[5]
Package hyperref Info: bookmark level for unknown algorithm defaults to 0 on in
put line 197.
LaTeX Font Info:    Font shape `T1/cmtt/bx/n' in size <12> not available
(Font)              Font shape `T1/cmtt/m/n' tried instead on input line 223.
 [6]
LaTeX Font Info:    Font shape `T1/cmtt/bx/n' in size <10.95> not available
(Font)              Font shape `T1/cmtt/m/n' tried instead on input line 244.

Overfull \hbox (15.12456pt too wide) in paragraph at lines 257--262
\T1/cmr/m/n/10.95 ness pro-por-tional), \T1/cmtt/m/n/10.95 "boltzmann" \T1/cmr/
m/n/10.95 (Boltz-mann dis-tri-bu-tion with tem-per-a-ture \T1/cmtt/m/n/10.95 we
ighting_beta\T1/cmr/m/n/10.95 ). 
 []

[7] [8] [9]
Underfull \hbox (badness 10000) in paragraph at lines 471--472
[]|\T1/cmr/m/n/10 Markovianity-based op-ti-miza-tion al-go-
 []


Overfull \hbox (1.13387pt too wide) in paragraph at lines 508--510
\T1/cmtt/m/n/10.95 n_vars) \T1/cmr/m/n/10.95 ar-ray), \T1/cmtt/m/n/10.95 fitnes
s_func\T1/cmr/m/n/10.95 , \T1/cmtt/m/n/10.95 pop_size\T1/cmr/m/n/10.95 , \T1/cm
tt/m/n/10.95 n_gen\T1/cmr/m/n/10.95 , \T1/cmtt/m/n/10.95 selection_ratio\T1/cmr
/m/n/10.95 , \T1/cmtt/m/n/10.95 elitism\T1/cmr/m/n/10.95 , and \T1/cmtt/m/n/10.
95 random_seed\T1/cmr/m/n/10.95 . 
 []

[10] [11]
Overfull \hbox (35.79233pt too wide) in paragraph at lines 566--567
\T1/cmr/m/it/10.95 cliques ma-trix\T1/cmr/m/n/10.95 : each row en-codes one fac
-tor as $\OT1/cmr/m/n/10.95 [ \OMS/cmsy/m/n/10.95 j\OML/cmm/m/it/10.95 S[]\OMS/
cmsy/m/n/10.95 j\OML/cmm/m/it/10.95 ;  \OMS/cmsy/m/n/10.95 j\OML/cmm/m/it/10.95
 C[]\OMS/cmsy/m/n/10.95 j\OML/cmm/m/it/10.95 ;  [] [] ;  [] [] \OT1/cmr/m/n/10.
95 ]$\T1/cmr/m/n/10.95 ,
 []

<figures//fig_factorization_storage.pdf, id=725, 574.54652pt x 229.19966pt>
File: figures//fig_factorization_storage.pdf Graphic file (type pdf)
<use figures//fig_factorization_storage.pdf>
Package pdftex.def Info: figures//fig_factorization_storage.pdf  used on input 
line 570.
(pdftex.def)             Requested size: 455.24411pt x 181.61131pt.

Package natbib Warning: Author undefined for citation`Muhlenbein_et_al:1999' 
(natbib)                on page 12 on input line 579.


Overfull \hbox (0.77957pt too wide) in paragraph at lines 592--597
[]\T1/cmr/m/n/10.95 [[]]. Population-based in-cre-men-tal learn-ing. Main-tains
 a run-ning es-ti-mate of the marginals
 []


Overfull \hbox (0.78372pt too wide) in paragraph at lines 598--602
[]\T1/cmr/m/n/10.95 [[]]. Mu-tual In-for-ma-tion Max-i-miza-tion for In-put Clu
s-ter-ing. Learns a chain-structured
 []

[12 <./figures//fig_factorization_storage.pdf>]
Overfull \hbox (23.32402pt too wide) in paragraph at lines 614--617
[]\T1/cmr/m/n/10.95 [[], []] Vari-ant of Tree-EDA with a user-supplied \T1/cmtt
/m/n/10.95 interaction_matrix
 []


Overfull \hbox (5.75046pt too wide) in paragraph at lines 614--617
\T1/cmr/m/n/10.95 that con-strains which pairs of vari-ables can form a de-pen-
dency. Learn-ing: \T1/cmtt/m/n/10.95 LearnTreeModelR\T1/cmr/m/n/10.95 . 
 []


Overfull \hbox (3.23973pt too wide) in paragraph at lines 618--621
\T1/cmr/m/n/10.95 For each pair of vari-ables it com-pares the most prob-a-ble 
joint con-fig-u-ra-tion $[] [][] \OML/cmm/m/it/10.95 p\OT1/cmr/m/n/10.95 (\OML/
cmm/m/it/10.95 x[] \OT1/cmr/m/n/10.95 =
 []


Overfull \hbox (79.43584pt too wide) in paragraph at lines 632--636
\T1/cmr/m/n/10.95 vari-able cliques, then builds a fac-tor-ized model over thos
e cliques. Learn-ing: \T1/cmtt/m/n/10.95 LearnAffinityFactorization\T1/cmr/m/n/
10.95 . 
 []

[13]

Package natbib Warning: Author undefined for citation`Pelikan:2005' 
(natbib)                on page 14 on input line 674.

[14]
Overfull \hbox (10.20477pt too wide) in paragraph at lines 726--729
[]\T1/cmtt/m/n/10.95 KMPCTree \T1/cmr/m/n/10.95 and \T1/cmtt/m/n/10.95 KMPCJunc
tionTree \T1/cmr/m/n/10.95 run max-product
 []


Overfull \hbox (7.8844pt too wide) in paragraph at lines 783--786
\T1/cmr/m/n/10.95 each vari-able and sam-ples via Gibbs sam-pling. Learn-ing: \
T1/cmtt/m/n/10.95 LearnMOA\T1/cmr/m/n/10.95 . Sam-pling: \T1/cmtt/m/n/10.95 Sam
pleGibbs\T1/cmr/m/n/10.95 . 
 []

[15] [16]

Package natbib Warning: Author undefined for citation`Inza_et_al:2000' 
(natbib)                on page 17 on input line 878.

[17]

Package natbib Warning: Author undefined for citation`Johnson_and_Shapiro:2002'
 
(natbib)                on page 18 on input line 938.

[18]
Overfull \hbox (2.11627pt too wide) in paragraph at lines 1002--1006
\T1/cmr/m/n/10.95 in-di-vid-ual com-petes with the most sim-i-lar mem-ber of a 
ran-dom win-dow of size \T1/cmtt/m/n/10.95 window_size\T1/cmr/m/n/10.95 ;
 []


Overfull \hbox (4.86647pt too wide) in paragraph at lines 1038--1042
[]\T1/cmr/m/n/10.95 Stops when the pop-u-la-tion di-ver-sity drops be-low \T1/c
mtt/m/n/10.95 tol \T1/cmr/m/n/10.95 (mean per-variable
 []

[19]
Overfull \hbox (12.6573pt too wide) in paragraph at lines 1134--1137
[]\T1/cmr/m/n/10.95 [[]]. Re-duced VNS: the same neighborhood-change scheme
 []

[20]
Overfull \hbox (36.95576pt too wide) in paragraph at lines 1148--1150
[]\T1/cmr/m/n/10.95 [[]]. Sub-struc-tural neigh-bor-hood search: a lo-cal searc
h (a \T1/cmtt/m/n/10.95 LocalOptMethod
 []


Overfull \hbox (3.33817pt too wide) in paragraph at lines 1148--1150
\T1/cmr/m/n/10.95 sub-class-ing \T1/cmtt/m/n/10.95 BudgetedLocalSearch\T1/cmr/m
/n/10.95 , so it shares the \T1/cmtt/m/n/10.95 subset_fraction \T1/cmr/m/n/10.9
5 / \T1/cmtt/m/n/10.95 evaluation_budget
 []


Overfull \hbox (16.86758pt too wide) in paragraph at lines 1168--1180
\T1/cmr/m/n/10.95 points, stor-ing the pairs and cut points in the model; its s
am-pling phase (\T1/cmtt/m/n/10.95 SampleTwoPointCrossover\T1/cmr/m/n/10.95 )
 []


Overfull \hbox (64.72255pt too wide) in paragraph at lines 1168--1180
\T1/cmr/m/n/10.95 recipe yields \T1/cmtt/m/n/10.95 Learn\T1/cmr/m/n/10.95 /\T1/
cmtt/m/n/10.95 SampleBlockCrossover \T1/cmr/m/n/10.95 (block/uniform-style ex-c
hange) and \T1/cmtt/m/n/10.95 Learn\T1/cmr/m/n/10.95 /\T1/cmtt/m/n/10.95 Sample
Transposition
 []

[21]
Underfull \hbox (badness 5119) in paragraph at lines 1209--1210
[]|\T1/cmr/m/n/10.95 Pseudo-Boolean aca-demic bench-marks: One-Max,
 []


Overfull \hbox (22.90578pt too wide) in paragraph at lines 1205--1217
 [] 
 []

<figures//fig_problem_structures.pdf, id=947, 602.55112pt x 373.11569pt>
File: figures//fig_problem_structures.pdf Graphic file (type pdf)
<use figures//fig_problem_structures.pdf>
Package pdftex.def Info: figures//fig_problem_structures.pdf  used on input lin
e 1226.
(pdftex.def)             Requested size: 455.24411pt x 281.90274pt.
[22]
Overfull \hbox (80.1007pt too wide) in paragraph at lines 1294--1297
[]\T1/cmr/m/n/10.95 [[]] Gen-er-al-ized nu-mer-i-cal bench-mark gen-er-a-tor in
-stances (\T1/cmtt/m/n/10.95 GNBG_Instances.Python-main/\T1/cmr/m/n/10.95 ). 
 []

[23 <./figures//fig_problem_structures.pdf>]
Overfull \hbox (108.73175pt too wide) in paragraph at lines 1333--1335
[]\T1/cmr/m/n/10.95 Hypervolume con-tri-bu-tion per in-di-vid-ual. Avail-able v
ia \T1/cmtt/m/n/10.95 IndicatorBasedSelection
 []


Package natbib Warning: Author undefined for citation`Zangari_et_al:2017' 
(natbib)                on page 24 on input line 1343.


Overfull \hbox (21.66385pt too wide) in paragraph at lines 1341--1345
[]\T1/cmr/m/n/10.95 Model-based de-com-po-si-tion ap-proaches to multi-objectiv
e op-ti-miza-tion, which re-place MOEA/D's
 []

[24]
<figures//fig_mo_comparison.pdf, id=1060, 393.60803pt x 323.15105pt>
File: figures//fig_mo_comparison.pdf Graphic file (type pdf)
<use figures//fig_mo_comparison.pdf>
Package pdftex.def Info: figures//fig_mo_comparison.pdf  used on input line 139
4.
(pdftex.def)             Requested size: 327.7763pt x 269.10777pt.
 [25 <./figures//fig_mo_comparison.pdf>] [26]
Overfull \hbox (1.00105pt too wide) in paragraph at lines 1474--1475
[]\T1/cmr/m/n/10.95 Computes pair-wise mu-tual in-for-ma-tion and tests for mar
ginal
 []


Overfull \hbox (108.35396pt too wide) in paragraph at lines 1525--1533
\T1/cmr/m/n/10.95 cient, be-tween-ness, mo-tif counts, and their evo-lu-tion --
- are com-puted in \T1/cmtt/m/n/10.95 knowledge_extraction/network_measures.py
 []

[27]
<figures//fig_bn_learned.pdf, id=1181, 362.81798pt x 339.72697pt>
File: figures//fig_bn_learned.pdf Graphic file (type pdf)
<use figures//fig_bn_learned.pdf>
Package pdftex.def Info: figures//fig_bn_learned.pdf  used on input line 1545.
(pdftex.def)             Requested size: 282.24911pt x 264.28615pt.
<figures//fig_edge_frequency.pdf, id=1182, 361.73569pt x 311.61946pt>
File: figures//fig_edge_frequency.pdf Graphic file (type pdf)
<use figures//fig_edge_frequency.pdf>
Package pdftex.def Info: figures//fig_edge_frequency.pdf  used on input line 15
54.
(pdftex.def)             Requested size: 250.38564pt x 215.69286pt.
<figures//fig_structure_evolution.pdf, id=1183, 630.55576pt x 265.9536pt>
File: figures//fig_structure_evolution.pdf Graphic file (type pdf)
<use figures//fig_structure_evolution.pdf>
Package pdftex.def Info: figures//fig_structure_evolution.pdf  used on input li
ne 1563.
(pdftex.def)             Requested size: 455.24411pt x 192.01805pt.

Overfull \hbox (62.72495pt too wide) in paragraph at lines 1572--1581
\T1/cmr/m/n/10.95 For con-tin-u-ous EDAs, \T1/cmtt/m/n/10.95 knowledge_extracti
on/continuous_visualizations.py \T1/cmr/m/n/10.95 and \T1/cmtt/m/n/10.95 gaussi
an_networks.py
 []


Overfull \hbox (140.44211pt too wide) in paragraph at lines 1572--1581
\T1/cmr/m/n/10.95 pro-vide tools to vi-su-al-ize the mod-els learned by Gaus-si
an and Gaussian-network EDAs: \T1/cmtt/m/n/10.95 plot_gaussian_parameter_evolut
ion
 []

<figures//fig_vine_structure.pdf, id=1185, 630.55576pt x 240.80365pt>
File: figures//fig_vine_structure.pdf Graphic file (type pdf)
<use figures//fig_vine_structure.pdf>
Package pdftex.def Info: figures//fig_vine_structure.pdf  used on input line 15
95.
(pdftex.def)             Requested size: 455.24411pt x 173.85983pt.
[28 <./figures//fig_bn_learned.pdf>]

Package natbib Warning: Author undefined for citation`Santana_et_al:2012transfe
r' 
(natbib)                on page 29 on input line 1617.


Package natbib Warning: Author undefined for citation`Santana_et_al:2012transfe
r' 
(natbib)                on page 29 on input line 1626.


Overfull \hbox (8.17812pt too wide) in paragraph at lines 1620--1627
[]\T1/cmr/m/n/10.95 Reuse of the learned \T1/cmr/m/it/10.95 de-pen-dency struc-
ture\T1/cmr/m/n/10.95 : the ag-gre-gated interaction/edge-
 []


Package natbib Warning: Author undefined for citation`Hauschild_and_Pelikan:201
2' 
(natbib)                on page 29 on input line 1632.


Overfull \hbox (187.58914pt too wide) in paragraph at lines 1634--1645
\T1/cmr/m/n/10.95 These forms of trans-fer are sup-ported by the \T1/cmtt/m/n/1
0.95 knowledge_extraction.transfer \T1/cmr/m/n/10.95 mod-ule. \T1/cmtt/m/n/10.9
5 aggregate_edge_frequencies(cache.models)
 []


Overfull \hbox (155.00099pt too wide) in paragraph at lines 1634--1645
\T1/cmr/m/n/10.95 av-er-ages the link-age graphs learned across a source run in
to an edge-frequency ma-trix; \T1/cmtt/m/n/10.95 structure_to_interaction_matri
x(freq,
 []

[29 <./figures//fig_edge_frequency.pdf>] [30 <./figures//fig_structure_evolutio
n.pdf> <./figures//fig_vine_structure.pdf>]
<figures//fig_apriori_interaction.pdf, id=1398, 529.94852pt x 263.55087pt>
File: figures//fig_apriori_interaction.pdf Graphic file (type pdf)
<use figures//fig_apriori_interaction.pdf>
Package pdftex.def Info: figures//fig_apriori_interaction.pdf  used on input li
ne 1678.
(pdftex.def)             Requested size: 386.96027pt x 192.44281pt.
 [31 <./figures//fig_apriori_interaction.pdf>] [32]
Overfull \hbox (62.2684pt too wide) in paragraph at lines 1839--1843
[]\T1/cmr/m/n/10.95 takes a model and re-turns a new model, usu-ally sim-pler: 
\T1/cmtt/m/n/10.95 prune_factorized
 []

[33] [34] (./pateda_user_guide_v3.bbl [35] [36] [37] [38] [39] [40] [41])
[42] [43] (./pateda_user_guide_v3.aux)
Package rerunfilecheck Info: File `pateda_user_guide_v3.out' has not changed.
(rerunfilecheck)             Checksum: 3C4A909B210859124C1BF8AA63E7689A;14281.
 ) 
Here is how much of TeX's memory you used:
 14911 strings out of 478287
 227549 string characters out of 5849289
 965440 words of memory out of 5000000
 32413 multiletter control sequences out of 15000+600000
 496089 words of font info for 100 fonts, out of 8000000 for 9000
 1141 hyphenation exceptions out of 8191
 60i,11n,63p,2284b,1902s stack positions out of 5000i,500n,10000p,200000b,80000s
{/usr/share/texmf/fonts/enc/dvips/cm-super/cm-super-t1.enc}{/usr/share/texmf/
fonts/enc/dvips/cm-super/cm-super-ts1.enc}</usr/share/texlive/texmf-dist/fonts/
type1/public/amsfonts/cm/cmbx10.pfb></usr/share/texlive/texmf-dist/fonts/type1/
public/amsfonts/cm/cmbx8.pfb></usr/share/texlive/texmf-dist/fonts/type1/public/
amsfonts/cm/cmex10.pfb></usr/share/texlive/texmf-dist/fonts/type1/public/amsfon
ts/cm/cmmi10.pfb></usr/share/texlive/texmf-dist/fonts/type1/public/amsfonts/cm/
cmmi6.pfb></usr/share/texlive/texmf-dist/fonts/type1/public/amsfonts/cm/cmmi8.p
fb></usr/share/texlive/texmf-dist/fonts/type1/public/amsfonts/cm/cmmib10.pfb></
usr/share/texlive/texmf-dist/fonts/type1/public/amsfonts/cm/cmr10.pfb></usr/sha
re/texlive/texmf-dist/fonts/type1/public/amsfonts/cm/cmr7.pfb></usr/share/texli
ve/texmf-dist/fonts/type1/public/amsfonts/cm/cmr8.pfb></usr/share/texlive/texmf
-dist/fonts/type1/public/amsfonts/cm/cmsy10.pfb></usr/share/texlive/texmf-dist/
fonts/type1/public/amsfonts/cm/cmsy8.pfb></usr/share/texmf/fonts/type1/public/c
m-super/sfbx1000.pfb></usr/share/texmf/fonts/type1/public/cm-super/sfbx1095.pfb
></usr/share/texmf/fonts/type1/public/cm-super/sfbx1200.pfb></usr/share/texmf/f
onts/type1/public/cm-super/sfbx1440.pfb></usr/share/texmf/fonts/type1/public/cm
-super/sfbx1728.pfb></usr/share/texmf/fonts/type1/public/cm-super/sfit1000.pfb>
</usr/share/texmf/fonts/type1/public/cm-super/sfrm0600.pfb></usr/share/texmf/fo
nts/type1/public/cm-super/sfrm0700.pfb></usr/share/texmf/fonts/type1/public/cm-
super/sfrm0800.pfb></usr/share/texmf/fonts/type1/public/cm-super/sfrm0900.pfb><
/usr/share/texmf/fonts/type1/public/cm-super/sfrm1000.pfb></usr/share/texmf/fon
ts/type1/public/cm-super/sfrm1095.pfb></usr/share/texmf/fonts/type1/public/cm-s
uper/sfrm1200.pfb></usr/share/texmf/fonts/type1/public/cm-super/sfti1095.pfb></
usr/share/texmf/fonts/type1/public/cm-super/sftt0900.pfb></usr/share/texmf/font
s/type1/public/cm-super/sftt1000.pfb></usr/share/texmf/fonts/type1/public/cm-su
per/sftt1095.pfb></usr/share/texmf/fonts/type1/public/cm-super/sftt1200.pfb>
Output written on pateda_user_guide_v3.pdf (43 pages, 864033 bytes).
PDF statistics:
 1784 PDF objects out of 2073 (max. 8388607)
 1334 compressed objects within 14 object streams
 461 named destinations out of 1000 (max. 500000)
 609 words of extra memory for PDF output out of 10000 (max. 10000000)

