This is pdfTeX, Version 3.141592653-2.6-1.40.22 (TeX Live 2022/dev/Debian) (preloaded format=latex 2026.1.30)  24 JUL 2026 17:05
entering extended mode
 restricted \write18 enabled.
 %&-line parsing enabled.
**\nonstopmode\input perm_pateda_user_guide.tex
(./perm_pateda_user_guide.tex
(/usr/share/texlive/texmf-dist/tex/latex/base/article.cls
Document Class: article 2021/10/04 v1.4n Standard LaTeX document class
(/usr/share/texlive/texmf-dist/tex/latex/base/size11.clo
File: size11.clo 2021/10/04 v1.4n Standard LaTeX file (size option)
)
\c@part=\count185
\c@section=\count186
\c@subsection=\count187
\c@subsubsection=\count188
\c@paragraph=\count189
\c@subparagraph=\count190
\c@figure=\count191
\c@table=\count192
\abovecaptionskip=\skip47
\belowcaptionskip=\skip48
\bibindent=\dimen138
)
(/usr/share/texlive/texmf-dist/tex/latex/base/inputenc.sty
Package: inputenc 2021/02/14 v1.3d Input encoding file
\inpenc@prehook=\toks16
\inpenc@posthook=\toks17
)
(/usr/share/texlive/texmf-dist/tex/latex/base/fontenc.sty
Package: fontenc 2021/04/29 v2.0v Standard LaTeX package
)
(/usr/share/texlive/texmf-dist/tex/latex/amsmath/amsmath.sty
Package: amsmath 2021/10/15 v2.17l AMS math features
\@mathmargin=\skip49

For additional information on amsmath, use the `?' option.
(/usr/share/texlive/texmf-dist/tex/latex/amsmath/amstext.sty
Package: amstext 2021/08/26 v2.01 AMS text

(/usr/share/texlive/texmf-dist/tex/latex/amsmath/amsgen.sty
File: amsgen.sty 1999/11/30 v2.0 generic functions
\@emptytoks=\toks18
\ex@=\dimen139
))
(/usr/share/texlive/texmf-dist/tex/latex/amsmath/amsbsy.sty
Package: amsbsy 1999/11/29 v1.2d Bold Symbols
\pmbraise@=\dimen140
)
(/usr/share/texlive/texmf-dist/tex/latex/amsmath/amsopn.sty
Package: amsopn 2021/08/26 v2.02 operator names
)
\inf@bad=\count193
LaTeX Info: Redefining \frac on input line 234.
\uproot@=\count194
\leftroot@=\count195
LaTeX Info: Redefining \overline on input line 399.
\classnum@=\count196
\DOTSCASE@=\count197
LaTeX Info: Redefining \ldots on input line 496.
LaTeX Info: Redefining \dots on input line 499.
LaTeX Info: Redefining \cdots on input line 620.
\Mathstrutbox@=\box50
\strutbox@=\box51
\big@size=\dimen141
LaTeX Font Info:    Redeclaring font encoding OML on input line 743.
LaTeX Font Info:    Redeclaring font encoding OMS on input line 744.
\macc@depth=\count198
\c@MaxMatrixCols=\count199
\dotsspace@=\muskip16
\c@parentequation=\count266
\dspbrk@lvl=\count267
\tag@help=\toks19
\row@=\count268
\column@=\count269
\maxfields@=\count270
\andhelp@=\toks20
\eqnshift@=\dimen142
\alignsep@=\dimen143
\tagshift@=\dimen144
\tagwidth@=\dimen145
\totwidth@=\dimen146
\lineht@=\dimen147
\@envbody=\toks21
\multlinegap=\skip50
\multlinetaggap=\skip51
\mathdisplay@stack=\toks22
LaTeX Info: Redefining \[ on input line 2938.
LaTeX Info: Redefining \] on input line 2939.
)
(/usr/share/texlive/texmf-dist/tex/latex/amsfonts/amssymb.sty
Package: amssymb 2013/01/14 v3.01 AMS font symbols

(/usr/share/texlive/texmf-dist/tex/latex/amsfonts/amsfonts.sty
Package: amsfonts 2013/01/14 v3.01 Basic AMSFonts support
\symAMSa=\mathgroup4
\symAMSb=\mathgroup5
LaTeX Font Info:    Redeclaring math symbol \hbar on input line 98.
LaTeX Font Info:    Overwriting math alphabet `\mathfrak' in version `bold'
(Font)                  U/euf/m/n --> U/euf/b/n on input line 106.
))
(/usr/share/texlive/texmf-dist/tex/latex/amscls/amsthm.sty
Package: amsthm 2020/05/29 v2.20.6
\thm@style=\toks23
\thm@bodyfont=\toks24
\thm@headfont=\toks25
\thm@notefont=\toks26
\thm@headpunct=\toks27
\thm@preskip=\skip52
\thm@postskip=\skip53
\thm@headsep=\skip54
\dth@everypar=\toks28
)
(/usr/share/texlive/texmf-dist/tex/latex/tools/bm.sty
Package: bm 2021/04/25 v1.2e Bold Symbol Support (DPC/FMi)
\symboldoperators=\mathgroup6
\symboldletters=\mathgroup7
\symboldsymbols=\mathgroup8
Package bm Info: No bold for \OMX/cmex/m/n, using \pmb.
Package bm Info: No bold for \U/msa/m/n, using \pmb.
Package bm Info: No bold for \U/msb/m/n, using \pmb.
LaTeX Font Info:    Redeclaring math alphabet \mathbf on input line 149.
)
(/usr/share/texlive/texmf-dist/tex/latex/algorithms/algorithm.sty
Package: algorithm 2009/08/24 v0.1 Document Style `algorithm' - floating enviro
nment

(/usr/share/texlive/texmf-dist/tex/latex/float/float.sty
Package: float 2001/11/08 v1.3d Float enhancements (AL)
\c@float@type=\count271
\float@exts=\toks29
\float@box=\box52
\@float@everytoks=\toks30
\@floatcapt=\box53
)
(/usr/share/texlive/texmf-dist/tex/latex/base/ifthen.sty
Package: ifthen 2020/11/24 v1.1c Standard LaTeX ifthen package (DPC)
)
\@float@every@algorithm=\toks31
\c@algorithm=\count272
)
(/usr/share/texlive/texmf-dist/tex/latex/algorithmicx/algpseudocode.sty
Package: algpseudocode 

(/usr/share/texlive/texmf-dist/tex/latex/algorithmicx/algorithmicx.sty
Package: algorithmicx 2005/04/27 v1.2 Algorithmicx

Document Style algorithmicx 1.2 - a greatly improved `algorithmic' style
\c@ALG@line=\count273
\c@ALG@rem=\count274
\c@ALG@nested=\count275
\ALG@tlm=\skip55
\ALG@thistlm=\skip56
\c@ALG@Lnr=\count276
\c@ALG@blocknr=\count277
\c@ALG@storecount=\count278
\c@ALG@tmpcounter=\count279
\ALG@tmplength=\skip57
)
Document Style - pseudocode environments for use with the `algorithmicx' style
) (/usr/share/texlive/texmf-dist/tex/latex/listings/listings.sty
(/usr/share/texlive/texmf-dist/tex/latex/graphics/keyval.sty
Package: keyval 2014/10/28 v1.15 key=value parser (DPC)
\KV@toks@=\toks32
)
\lst@mode=\count280
\lst@gtempboxa=\box54
\lst@token=\toks33
\lst@length=\count281
\lst@currlwidth=\dimen148
\lst@column=\count282
\lst@pos=\count283
\lst@lostspace=\dimen149
\lst@width=\dimen150
\lst@newlines=\count284
\lst@lineno=\count285
\lst@maxwidth=\dimen151

(/usr/share/texlive/texmf-dist/tex/latex/listings/lstmisc.sty
File: lstmisc.sty 2020/03/24 1.8d (Carsten Heinz)
\c@lstnumber=\count286
\lst@skipnumbers=\count287
\lst@framebox=\box55
)
(/usr/share/texlive/texmf-dist/tex/latex/listings/listings.cfg
File: listings.cfg 2020/03/24 1.8d listings configuration
))
Package: listings 2020/03/24 1.8d (Carsten Heinz)

(/usr/share/texlive/texmf-dist/tex/latex/xcolor/xcolor.sty
Package: xcolor 2021/10/31 v2.13 LaTeX color extensions (UK)

(/usr/share/texlive/texmf-dist/tex/latex/graphics-cfg/color.cfg
File: color.cfg 2016/01/02 v1.6 sample color configuration
)
Package xcolor Info: Driver file: dvips.def on input line 227.

(/usr/share/texlive/texmf-dist/tex/latex/graphics-def/dvips.def
File: dvips.def 2017/06/20 v3.1d Graphics/color driver for dvips
)
Package xcolor Info: Model `cmy' substituted by `cmy0' on input line 1352.
Package xcolor Info: Model `RGB' extended on input line 1368.
Package xcolor Info: Model `HTML' substituted by `rgb' on input line 1370.
Package xcolor Info: Model `Hsb' substituted by `hsb' on input line 1371.
Package xcolor Info: Model `tHsb' substituted by `hsb' on input line 1372.
Package xcolor Info: Model `HSB' substituted by `hsb' on input line 1373.
Package xcolor Info: Model `Gray' substituted by `gray' on input line 1374.
Package xcolor Info: Model `wave' substituted by `hsb' on input line 1375.
)
(/usr/share/texlive/texmf-dist/tex/latex/hyperref/hyperref.sty
Package: hyperref 2021-06-07 v7.00m Hypertext links for LaTeX

(/usr/share/texlive/texmf-dist/tex/generic/ltxcmds/ltxcmds.sty
Package: ltxcmds 2020-05-10 v1.25 LaTeX kernel commands for general use (HO)
)
(/usr/share/texlive/texmf-dist/tex/generic/iftex/iftex.sty
Package: iftex 2020/03/06 v1.0d TeX engine tests
)
(/usr/share/texlive/texmf-dist/tex/generic/pdftexcmds/pdftexcmds.sty
Package: pdftexcmds 2020-06-27 v0.33 Utility functions of pdfTeX for LuaTeX (HO
)

(/usr/share/texlive/texmf-dist/tex/generic/infwarerr/infwarerr.sty
Package: infwarerr 2019/12/03 v1.5 Providing info/warning/error messages (HO)
)
Package pdftexcmds Info: \pdf@primitive is available.
Package pdftexcmds Info: \pdf@ifprimitive is available.
Package pdftexcmds Info: \pdfdraftmode is ignored in DVI mode.
)
(/usr/share/texlive/texmf-dist/tex/generic/kvsetkeys/kvsetkeys.sty
Package: kvsetkeys 2019/12/15 v1.18 Key value parser (HO)
)
(/usr/share/texlive/texmf-dist/tex/generic/kvdefinekeys/kvdefinekeys.sty
Package: kvdefinekeys 2019-12-19 v1.6 Define keys (HO)
)
(/usr/share/texlive/texmf-dist/tex/generic/pdfescape/pdfescape.sty
Package: pdfescape 2019/12/09 v1.15 Implements pdfTeX's escape features (HO)
)
(/usr/share/texlive/texmf-dist/tex/latex/hycolor/hycolor.sty
Package: hycolor 2020-01-27 v1.10 Color options for hyperref/bookmark (HO)
)
(/usr/share/texlive/texmf-dist/tex/latex/letltxmacro/letltxmacro.sty
Package: letltxmacro 2019/12/03 v1.6 Let assignment for LaTeX macros (HO)
)
(/usr/share/texlive/texmf-dist/tex/latex/auxhook/auxhook.sty
Package: auxhook 2019-12-17 v1.6 Hooks for auxiliary files (HO)
)
(/usr/share/texlive/texmf-dist/tex/latex/kvoptions/kvoptions.sty
Package: kvoptions 2020-10-07 v3.14 Key value format for package options (HO)
)
\@linkdim=\dimen152
\Hy@linkcounter=\count288
\Hy@pagecounter=\count289

(/usr/share/texlive/texmf-dist/tex/latex/hyperref/pd1enc.def
File: pd1enc.def 2021-06-07 v7.00m Hyperref: PDFDocEncoding definition (HO)
Now handling font encoding PD1 ...
... no UTF-8 mapping file for font encoding PD1
)
(/usr/share/texlive/texmf-dist/tex/latex/hyperref/hyperref-langpatches.def
File: hyperref-langpatches.def 2021-06-07 v7.00m Hyperref: patches for babel la
nguages
)
(/usr/share/texlive/texmf-dist/tex/generic/intcalc/intcalc.sty
Package: intcalc 2019/12/15 v1.3 Expandable calculations with integers (HO)
)
(/usr/share/texlive/texmf-dist/tex/generic/etexcmds/etexcmds.sty
Package: etexcmds 2019/12/15 v1.7 Avoid name clashes with e-TeX commands (HO)
)
\Hy@SavedSpaceFactor=\count290

(/usr/share/texlive/texmf-dist/tex/latex/hyperref/puenc.def
File: puenc.def 2021-06-07 v7.00m Hyperref: PDF Unicode definition (HO)
Now handling font encoding PU ...
... no UTF-8 mapping file for font encoding PU
)
Package hyperref Info: Hyper figures OFF on input line 4192.
Package hyperref Info: Link nesting OFF on input line 4197.
Package hyperref Info: Hyper index ON on input line 4200.
Package hyperref Info: Plain pages OFF on input line 4207.
Package hyperref Info: Backreferencing OFF on input line 4212.
Package hyperref Info: Implicit mode ON; LaTeX internals redefined.
Package hyperref Info: Bookmarks ON on input line 4445.
\c@Hy@tempcnt=\count291

(/usr/share/texlive/texmf-dist/tex/latex/url/url.sty
\Urlmuskip=\muskip17
Package: url 2013/09/16  ver 3.4  Verb mode for urls, etc.
)
LaTeX Info: Redefining \url on input line 4804.
\XeTeXLinkMargin=\dimen153

(/usr/share/texlive/texmf-dist/tex/generic/bitset/bitset.sty
Package: bitset 2019/12/09 v1.3 Handle bit-vector datatype (HO)

(/usr/share/texlive/texmf-dist/tex/generic/bigintcalc/bigintcalc.sty
Package: bigintcalc 2019/12/15 v1.5 Expandable calculations on big integers (HO
)
))
\Fld@menulength=\count292
\Field@Width=\dimen154
\Fld@charsize=\dimen155
Package hyperref Info: Hyper figures OFF on input line 6076.
Package hyperref Info: Link nesting OFF on input line 6081.
Package hyperref Info: Hyper index ON on input line 6084.
Package hyperref Info: backreferencing OFF on input line 6091.
Package hyperref Info: Link coloring OFF on input line 6096.
Package hyperref Info: Link coloring with OCG OFF on input line 6101.
Package hyperref Info: PDF/A mode OFF on input line 6106.
LaTeX Info: Redefining \ref on input line 6146.
LaTeX Info: Redefining \pageref on input line 6150.

(/usr/share/texlive/texmf-dist/tex/latex/base/atbegshi-ltx.sty
Package: atbegshi-ltx 2021/01/10 v1.0c Emulation of the original atbegshi
package with kernel methods
)
\Hy@abspage=\count293
\c@Item=\count294
\c@Hfootnote=\count295
)
Package hyperref Info: Driver (default): hdvips.

(/usr/share/texlive/texmf-dist/tex/latex/hyperref/hdvips.def
File: hdvips.def 2021-06-07 v7.00m Hyperref driver for dvips

(/usr/share/texlive/texmf-dist/tex/latex/hyperref/pdfmark.def
File: pdfmark.def 2021-06-07 v7.00m Hyperref definitions for pdfmark specials
\pdf@docset=\toks34
\pdf@box=\box56
\pdf@toks=\toks35
\pdf@defaulttoks=\toks36
\HyField@AnnotCount=\count296
\Fld@listcount=\count297
\c@bookmark@seq@number=\count298

(/usr/share/texlive/texmf-dist/tex/latex/rerunfilecheck/rerunfilecheck.sty
Package: rerunfilecheck 2019/12/05 v1.9 Rerun checks for auxiliary files (HO)

(/usr/share/texlive/texmf-dist/tex/latex/base/atveryend-ltx.sty
Package: atveryend-ltx 2020/08/19 v1.0a Emulation of the original atveryend pac
kage
with kernel methods
)
(/usr/share/texlive/texmf-dist/tex/generic/uniquecounter/uniquecounter.sty
Package: uniquecounter 2019/12/15 v1.4 Provide unlimited unique counter (HO)
)
Package uniquecounter Info: New unique counter `rerunfilecheck' on input line 2
86.
)
\Hy@SectionHShift=\skip58
))
(/usr/share/texlive/texmf-dist/tex/latex/graphics/graphicx.sty
Package: graphicx 2021/09/16 v1.2d Enhanced LaTeX Graphics (DPC,SPQR)

(/usr/share/texlive/texmf-dist/tex/latex/graphics/graphics.sty
Package: graphics 2021/03/04 v1.4d Standard LaTeX Graphics (DPC,SPQR)

(/usr/share/texlive/texmf-dist/tex/latex/graphics/trig.sty
Package: trig 2021/08/11 v1.11 sin cos tan (DPC)
)
(/usr/share/texlive/texmf-dist/tex/latex/graphics-cfg/graphics.cfg
File: graphics.cfg 2016/06/04 v1.11 sample graphics configuration
)
Package graphics Info: Driver file: dvips.def on input line 107.
)
\Gin@req@height=\dimen156
\Gin@req@width=\dimen157
)
(/usr/share/texlive/texmf-dist/tex/latex/booktabs/booktabs.sty
Package: booktabs 2020/01/12 v1.61803398 Publication quality tables
\heavyrulewidth=\dimen158
\lightrulewidth=\dimen159
\cmidrulewidth=\dimen160
\belowrulesep=\dimen161
\belowbottomsep=\dimen162
\aboverulesep=\dimen163
\abovetopsep=\dimen164
\cmidrulesep=\dimen165
\cmidrulekern=\dimen166
\defaultaddspace=\dimen167
\@cmidla=\count299
\@cmidlb=\count300
\@aboverulesep=\dimen168
\@belowrulesep=\dimen169
\@thisruleclass=\count301
\@lastruleclass=\count302
\@thisrulewidth=\dimen170
)
(/usr/share/texlive/texmf-dist/tex/latex/tools/array.sty
Package: array 2021/10/04 v2.5f Tabular extension package (FMi)
\col@sep=\dimen171
\ar@mcellbox=\box57
\extrarowheight=\dimen172
\NC@list=\toks37
\extratabsurround=\skip59
\backup@length=\skip60
\ar@cellbox=\box58
)
(/usr/share/texlive/texmf-dist/tex/latex/tools/longtable.sty
Package: longtable 2021-09-01 v4.17 Multi-page Table package (DPC)
\LTleft=\skip61
\LTright=\skip62
\LTpre=\skip63
\LTpost=\skip64
\LTchunksize=\count303
\LTcapwidth=\dimen173
\LT@head=\box59
\LT@firsthead=\box60
\LT@foot=\box61
\LT@lastfoot=\box62
\LT@gbox=\box63
\LT@cols=\count304
\LT@rows=\count305
\c@LT@tables=\count306
\c@LT@chunks=\count307
\LT@p@ftn=\toks38
)
(/usr/share/texlive/texmf-dist/tex/latex/geometry/geometry.sty
Package: geometry 2020/01/02 v5.9 Page Geometry

(/usr/share/texlive/texmf-dist/tex/generic/iftex/ifvtex.sty
Package: ifvtex 2019/10/25 v1.7 ifvtex legacy package. Use iftex instead.
)
\Gm@cnth=\count308
\Gm@cntv=\count309
\c@Gm@tempcnt=\count310
\Gm@bindingoffset=\dimen174
\Gm@wd@mp=\dimen175
\Gm@odd@mp=\dimen176
\Gm@even@mp=\dimen177
\Gm@layoutwidth=\dimen178
\Gm@layoutheight=\dimen179
\Gm@layouthoffset=\dimen180
\Gm@layoutvoffset=\dimen181
\Gm@dimlist=\toks39
)
(/usr/share/texlive/texmf-dist/tex/latex/natbib/natbib.sty
Package: natbib 2010/09/13 8.31b (PWD, AO)
\bibhang=\skip65
\bibsep=\skip66
LaTeX Info: Redefining \cite on input line 694.
\c@NAT@ctr=\count311
)
(/usr/share/texlive/texmf-dist/tex/latex/listings/lstlang1.sty
File: lstlang1.sty 2020/03/24 1.8d listings language file
)
\c@definition=\count312
\c@example=\count313

(/usr/share/texlive/texmf-dist/tex/latex/l3backend/l3backend-dvips.def
File: l3backend-dvips.def 2022-01-12 L3 backend support: dvips
\l__pdf_internal_box=\box64
\g__pdf_backend_object_int=\count314
\l__pdf_backend_content_box=\box65
\l__pdf_backend_model_box=\box66
\g__pdf_backend_annotation_int=\count315
\g__pdf_backend_link_int=\count316
\g__pdf_backend_link_sf_int=\count317
)
(./perm_pateda_user_guide.aux)
\openout1 = `perm_pateda_user_guide.aux'.

LaTeX Font Info:    Checking defaults for OML/cmm/m/it on input line 53.
LaTeX Font Info:    ... okay on input line 53.
LaTeX Font Info:    Checking defaults for OMS/cmsy/m/n on input line 53.
LaTeX Font Info:    ... okay on input line 53.
LaTeX Font Info:    Checking defaults for OT1/cmr/m/n on input line 53.
LaTeX Font Info:    ... okay on input line 53.
LaTeX Font Info:    Checking defaults for T1/cmr/m/n on input line 53.
LaTeX Font Info:    ... okay on input line 53.
LaTeX Font Info:    Checking defaults for TS1/cmr/m/n on input line 53.
LaTeX Font Info:    ... okay on input line 53.
LaTeX Font Info:    Checking defaults for OMX/cmex/m/n on input line 53.
LaTeX Font Info:    ... okay on input line 53.
LaTeX Font Info:    Checking defaults for U/cmr/m/n on input line 53.
LaTeX Font Info:    ... okay on input line 53.
LaTeX Font Info:    Checking defaults for PD1/pdf/m/n on input line 53.
LaTeX Font Info:    ... okay on input line 53.
LaTeX Font Info:    Checking defaults for PU/pdf/m/n on input line 53.
LaTeX Font Info:    ... okay on input line 53.
\c@lstlisting=\count318
Package hyperref Info: Link coloring OFF on input line 53.

(/usr/share/texlive/texmf-dist/tex/latex/hyperref/nameref.sty
Package: nameref 2021-04-02 v2.47 Cross-referencing by name of section

(/usr/share/texlive/texmf-dist/tex/latex/refcount/refcount.sty
Package: refcount 2019/12/15 v3.6 Data extraction from label references (HO)
)
(/usr/share/texlive/texmf-dist/tex/generic/gettitlestring/gettitlestring.sty
Package: gettitlestring 2019/12/15 v1.6 Cleanup title references (HO)
)
\c@section@level=\count319
)
LaTeX Info: Redefining \ref on input line 53.
LaTeX Info: Redefining \pageref on input line 53.
LaTeX Info: Redefining \nameref on input line 53.

(./perm_pateda_user_guide.out) (./perm_pateda_user_guide.out)
\@outlinefile=\write3
\openout3 = `perm_pateda_user_guide.out'.


*geometry* driver: auto-detecting
*geometry* detected driver: dvips
*geometry* verbose mode - [ preamble ] result:
* driver: dvips
* paper: a4paper
* layout: <same size as paper>
* layoutoffset:(h,v)=(0.0pt,0.0pt)
* modes: 
* h-part:(L,W,R)=(71.13188pt, 455.24411pt, 71.13188pt)
* v-part:(T,H,B)=(71.13188pt, 702.78308pt, 71.13188pt)
* \paperwidth=597.50787pt
* \paperheight=845.04684pt
* \textwidth=455.24411pt
* \textheight=702.78308pt
* \oddsidemargin=-1.1381pt
* \evensidemargin=-1.1381pt
* \topmargin=-38.1381pt
* \headheight=12.0pt
* \headsep=25.0pt
* \topskip=11.0pt
* \footskip=30.0pt
* \marginparwidth=50.0pt
* \marginparsep=10.0pt
* \columnsep=10.0pt
* \skip\footins=10.0pt plus 4.0pt minus 2.0pt
* \hoffset=0.0pt
* \voffset=0.0pt
* \mag=1000
* \@twocolumnfalse
* \@twosidefalse
* \@mparswitchfalse
* \@reversemarginfalse
* (1in=72.27pt=25.4mm, 1cm=28.453pt)

LaTeX Font Info:    Trying to load font information for U+msa on input line 55.

(/usr/share/texlive/texmf-dist/tex/latex/amsfonts/umsa.fd
File: umsa.fd 2013/01/14 v3.01 AMS symbols A
)
LaTeX Font Info:    Trying to load font information for U+msb on input line 55.


(/usr/share/texlive/texmf-dist/tex/latex/amsfonts/umsb.fd
File: umsb.fd 2013/01/14 v3.01 AMS symbols B
)
LaTeX Font Info:    Trying to load font information for T1+cmtt on input line 5
5.

(/usr/share/texlive/texmf-dist/tex/latex/base/t1cmtt.fd
File: t1cmtt.fd 2019/12/16 v2.5j Standard LaTeX font definitions
)
(./perm_pateda_user_guide.toc [1

] [2]
LaTeX Font Info:    Font shape `T1/cmtt/bx/n' in size <10.95> not available
(Font)              Font shape `T1/cmtt/m/n' tried instead on input line 64.
)
\tf@toc=\write4
\openout4 = `perm_pateda_user_guide.toc'.

 [3]
Overfull \hbox (31.83295pt too wide) in paragraph at lines 160--163
[]\T1/cmr/m/it/10.95 Single- and multi-objective sup-port: \T1/cmr/m/n/10.95 a 
decomposition-based multi-objective frame-work (MEDA/D)
 []

[4] (/usr/share/texlive/texmf-dist/tex/latex/listings/lstlang1.sty
File: lstlang1.sty 2020/03/24 1.8d listings language file
)
(/usr/share/texlive/texmf-dist/tex/latex/listings/lstlang1.sty
File: lstlang1.sty 2020/03/24 1.8d listings language file
)
LaTeX Font Info:    Font shape `T1/cmtt/bx/n' in size <10> not available
(Font)              Font shape `T1/cmtt/m/n' tried instead on input line 220.
 [5]
Overfull \hbox (9.13141pt too wide) in paragraph at lines 243--248
\T1/cmtt/m/n/10.95 FisherYatesTreeEDA\T1/cmr/m/n/10.95 , \T1/cmtt/m/n/10.95 Ins
ertionVectorUmdaEDA\T1/cmr/m/n/10.95 , \T1/cmtt/m/n/10.95 InsertionVectorMarkov
EDA\T1/cmr/m/n/10.95 ) are im-ported from
 []


Underfull \hbox (badness 10000) in paragraph at lines 261--263
[]|\T1/cmr/m/n/10.95 Bijective cod-ings: \T1/cmtt/m/n/10.95 LehmerRepresentatio
n\T1/cmr/m/n/10.95 ,
 []


Underfull \hbox (badness 10000) in paragraph at lines 261--263
\T1/cmtt/m/n/10.95 FisherYatesRepresentation\T1/cmr/m/n/10.95 ,
 []


Underfull \hbox (badness 10000) in paragraph at lines 266--269
[]|\T1/cmr/m/n/10.95 Plug-and-play wrap-pers (\T1/cmtt/m/n/10.95 permutation.py
\T1/cmr/m/n/10.95 ,
 []


Underfull \hbox (badness 1997) in paragraph at lines 266--269
\T1/cmtt/m/n/10.95 random_keys.py\T1/cmr/m/n/10.95 ) and \T1/cmtt/m/n/10.95 pat
eda \T1/cmr/m/n/10.95 com-po-nent adapters
 []


Underfull \hbox (badness 2237) in paragraph at lines 271--273
[]|\T1/cmr/m/n/10.95 Scalarization, Pareto dom-i-nance and archive, the
 []


Underfull \hbox (badness 10000) in paragraph at lines 271--273
\T1/cmr/m/n/10.95 MEDA/D fam-ily of decomposition-based multi-
 []

[6]
Package hyperref Info: bookmark level for unknown algorithm defaults to 0 on in
put line 320.

Overfull \hbox (15.87717pt too wide) in paragraph at lines 348--357
\T1/cmr/m/n/10.95 All plug-and-play classes de-rive from an in-ter-nal base cla
ss \T1/cmtt/m/n/10.95 _PermEDA \T1/cmr/m/n/10.95 (\T1/cmtt/m/n/10.95 algorithms
/permutation.py\T1/cmr/m/n/10.95 )
 []

[7] [8]
Overfull \hbox (11.94713pt too wide) in paragraph at lines 501--505
\T1/cmr/m/n/10.95 ram-e-ters of Sec-tion [][][][] plus the ex-tra pa-ram-e-ters
 listed in the last col-umn, and a \T1/cmtt/m/n/10.95 run(verbose=False)
 []


Underfull \hbox (badness 1715) in paragraph at lines 521--521
[]|\T1/cmr/m/n/9 Mallows model, Kendall's-$\OML/cmm/m/it/9 ^^\$ \T1/cmr/m/n/9 d
is-
 []


Underfull \hbox (badness 1622) in paragraph at lines 522--522
[]|\T1/cmr/m/n/9 Mallows model, Cay-ley dis-tance
 []


Underfull \hbox (badness 3118) in paragraph at lines 523--523
[]|\T1/cmr/m/n/9 Mallows model, Ulam dis-tance,
 []


Underfull \hbox (badness 1005) in paragraph at lines 524--524
[]|\T1/cmr/m/n/9 Generalized Mal-lows, Kendall's-$\OML/cmm/m/it/9 ^^\$
 []


Overfull \hbox (6.96364pt too wide) in paragraph at lines 526--527
[]|\T1/cmtt/m/n/9 expected_dist_start\T1/cmr/m/n/9 ,
 []


Underfull \hbox (badness 10000) in paragraph at lines 526--527
\T1/cmtt/m/n/9 expected_dist_end\T1/cmr/m/n/9 ,
 []


Underfull \hbox (badness 10000) in paragraph at lines 531--531
[]|\T1/cmr/m/n/9 Plackett--Luce model es-ti-mated
 []


Underfull \hbox (badness 10000) in paragraph at lines 538--539
[]|\T1/cmtt/m/n/9 laplace_smoothing\T1/cmr/m/n/9 ,
 []


Underfull \hbox (badness 10000) in paragraph at lines 540--541
[]|\T1/cmtt/m/n/9 laplace_smoothing\T1/cmr/m/n/9 ,
 []


Underfull \hbox (badness 2547) in paragraph at lines 545--545
[]|\T1/cmr/m/n/9 Univariate Gaus-sian on ran-dom
 []


Underfull \hbox (badness 10000) in paragraph at lines 545--546
[]|\T1/cmtt/m/n/9 diminishing\T1/cmr/m/n/9 ,
 []


Underfull \hbox (badness 10000) in paragraph at lines 545--546
\T1/cmtt/m/n/9 cooling\T1/cmr/m/n/9 ,
 []


Underfull \hbox (badness 10000) in paragraph at lines 545--546
\T1/cmtt/m/n/9 initial_sigma\T1/cmr/m/n/9 ,
 []


Underfull \hbox (badness 10000) in paragraph at lines 547--548
[]|\T1/cmr/m/n/9 idem $\OT1/cmr/m/n/9 +$
 []

[9] [10] [11]

Package natbib Warning: Author undefined for citation`Ceberio_et_al:2015' 
(natbib)                on page 12 on input line 670.

[12]

Package natbib Warning: Author undefined for citation`Irurozki:2014' 
(natbib)                on page 13 on input line 783.

[13]
Overfull \hbox (36.74602pt too wide) in paragraph at lines 810--815
\T1/cmtt/m/n/10.95 perm_pateda\T1/cmr/m/n/10.95 ; for in-stance \T1/cmtt/m/n/10
.95 {"consensus": $\OML/cmm/m/it/10.95 ^^[[]$\T1/cmtt/m/n/10.95 , "theta": $\OM
L/cmm/m/it/10.95 ^^R$\T1/cmtt/m/n/10.95 , "model_type": "mallows_kendall",
 []


Package natbib Warning: Author undefined for citation`Irurozki:2014' 
(natbib)                on page 14 on input line 827.


Overfull \hbox (28.5251pt too wide) in paragraph at lines 821--833
\T1/cmtt/m/n/10.95 SampleMallowsCayley\T1/cmr/m/n/10.95 , \T1/cmtt/m/n/10.95 Sa
mpleGeneralizedMallowsKendall \T1/cmr/m/n/10.95 and \T1/cmtt/m/n/10.95 SampleGe
neralizedMallowsCayley\T1/cmr/m/n/10.95 .
 []


Package natbib Warning: Author undefined for citation`Irurozki:2014' 
(natbib)                on page 14 on input line 836.

[14]
Overfull \hbox (17.1641pt too wide) in paragraph at lines 881--887
\T1/cmr/m/n/10.95 tance de-creases ex-po-nen-tially along the run, from $\OML/c
mm/m/it/10.95 E[]$ \T1/cmr/m/n/10.95 (de-fault $\OML/cmm/m/it/10.95 n=\OT1/cmr/
m/n/10.95 2$\T1/cmr/m/n/10.95 , pa-ram-e-ter \T1/cmtt/m/n/10.95 expected_dist_s
tart\T1/cmr/m/n/10.95 )
 []


Overfull \hbox (43.88446pt too wide) in paragraph at lines 898--906
\T1/cmr/m/n/10.95 computed in log-space for nu-mer-i-cal sta-bil-ity and ex-clu
d-ing the im-pos-si-ble value $\OML/cmm/m/it/10.95 k \OT1/cmr/m/n/10.95 = 1$\T1
/cmr/m/n/10.95 . \T1/cmtt/m/n/10.95 SampleHammingKMM
 []


Package natbib Warning: Author undefined for citation`Tsutsui:2002' 
(natbib)                on page 15 on input line 911.


Package natbib Warning: Author undefined for citation`Tsutsui_et_al:2006' 
(natbib)                on page 15 on input line 911.

[15]
Overfull \hbox (18.63374pt too wide) in paragraph at lines 933--946
\T1/cmr/m/n/10.95 with $\OML/cmm/m/it/10.95 " \OT1/cmr/m/n/10.95 = \OML/cmm/m/i
t/10.95 ^^L[] []$ \T1/cmr/m/n/10.95 in the asym-met-ric case and $\OML/cmm/m/it
/10.95 " \OT1/cmr/m/n/10.95 = \OML/cmm/m/it/10.95 ^^L[] []$ \T1/cmr/m/n/10.95 i
n the sym-met-ric case (\T1/cmtt/m/n/10.95 symmetric=True\T1/cmr/m/n/10.95 ,
 []


Package natbib Warning: Author undefined for citation`Ceberio_et_al:2013' 
(natbib)                on page 16 on input line 961.


Package natbib Warning: Author undefined for citation`Hunter:2004' 
(natbib)                on page 16 on input line 964.


Package natbib Warning: Author undefined for citation`Nguyen_and_Zhang:2023' 
(natbib)                on page 16 on input line 994.

[16]
Overfull \hbox (39.9204pt too wide) in paragraph at lines 1062--1070
\T1/cmtt/m/n/10.95 PermutationRepresentation \T1/cmr/m/n/10.95 re-quires three 
meth-ods: \T1/cmtt/m/n/10.95 encode(perm)\T1/cmr/m/n/10.95 , \T1/cmtt/m/n/10.95
 decode(code) \T1/cmr/m/n/10.95 and \T1/cmtt/m/n/10.95 get_domain(n)
 []

[17]

Package natbib Warning: Author undefined for citation`Ayodele_et_al:2016' 
(natbib)                on page 18 on input line 1145.


Overfull \hbox (2.1469pt too wide) in paragraph at lines 1143--1149
[]\T1/cmr/m/n/10.95 The three al-go-rithm classes \T1/cmtt/m/n/10.95 RKGaussian
UMDAEDA\T1/cmr/m/n/10.95 , \T1/cmtt/m/n/10.95 RKGaussianFullEDA \T1/cmr/m/n/10.
95 and \T1/cmtt/m/n/10.95 RKCopulaVinesEDA
 []

[18]
Overfull \hbox (88.1666pt too wide) in paragraph at lines 1173--1189
\T1/cmr/m/n/10.95 The mod-ules \T1/cmtt/m/n/10.95 multiobjective/meda_d_f.py\T1
/cmr/m/n/10.95 , \T1/cmtt/m/n/10.95 multiobjective/fourier_moead.py \T1/cmr/m/n
/10.95 and \T1/cmtt/m/n/10.95 multiobjective/moead.py
 []


Overfull \hbox (141.42361pt too wide) in paragraph at lines 1199--1225
 [][] 
 []


Overfull \hbox (7.43567pt too wide) in paragraph at lines 1229--1236
[]\T1/cmr/m/n/10.95 Each learner ex-poses the sig-na-ture \T1/cmtt/m/n/10.95 le
arn(generation, n_vars, cardinality, population,
 []


Overfull \hbox (13.46742pt too wide) in paragraph at lines 1249--1258
\T1/cmtt/m/n/10.95 PermutationInit \T1/cmr/m/n/10.95 (\T1/cmtt/m/n/10.95 seedin
g/permutation_init.py\T1/cmr/m/n/10.95 ) is the per-mu-ta-tion coun-ter-part of
 \T1/cmtt/m/n/10.95 RandomInit\T1/cmr/m/n/10.95 :
 []

[19]

Package natbib Warning: Author undefined for citation`Irurozki_et_al:2018' 
(natbib)                on page 20 on input line 1266.


Package natbib Warning: Author undefined for citation`Irurozki_et_al:2018' 
(natbib)                on page 20 on input line 1276.

[20]
Overfull \hbox (92.82588pt too wide) in paragraph at lines 1334--1343
\T1/cmr/m/n/10.95 tion. The im-ple-men-ta-tion val-i-dates that the ma-trix is 
sym-met-ric. Gen-er-a-tors: \T1/cmtt/m/n/10.95 create_random_tsp(n_cities,
 []


Overfull \hbox (7.37384pt too wide) in paragraph at lines 1334--1343
\T1/cmtt/m/n/10.95 seed) \T1/cmr/m/n/10.95 (ran-dom sym-met-ric ma-trix) and \T
1/cmtt/m/n/10.95 create_tsp_from_coordinates(coords) \T1/cmr/m/n/10.95 (Eu-clid
ean
 []


Package natbib Warning: Author undefined for citation`Ceberio_et_al:2014' 
(natbib)                on page 21 on input line 1356.


Overfull \hbox (1.37419pt too wide) in paragraph at lines 1344--1357
[]\T1/cmr/m/n/10.95 (\T1/cmtt/m/n/10.95 functions/pfsp.py\T1/cmr/m/n/10.95 ). A
n in-stance
 []

[21]
Overfull \hbox (6.77034pt too wide) in paragraph at lines 1358--1370
\T1/cmtt/m/n/10.95 feedback_arc_set_to_lop \T1/cmr/m/n/10.95 which con-verts a 
di-rected graph into the equiv-a-lent LOP. Reader:
 []


Package natbib Warning: Author undefined for citation`Min:2024' 
(natbib)                on page 22 on input line 1386.


Overfull \hbox (36.39162pt too wide) in paragraph at lines 1394--1403
[]\T1/cmr/m/n/10.95 (\T1/cmtt/m/n/10.95 functions/mis.py\T1/cmr/m/n/10.95 ). Ma
x-i-mize $\OML/cmm/m/it/10.95 k$ \T1/cmr/m/n/10.95 sub-ject to $[]\OT1/cmr/m/n/
10.95 (\OML/cmm/m/it/10.95 PAP[]C\OT1/cmr/m/n/10.95 (\OML/cmm/m/it/10.95 k\OT1/
cmr/m/n/10.95 )) =
 []


Overfull \hbox (53.4257pt too wide) in paragraph at lines 1394--1403
\T1/cmr/m/n/10.95 it. Gen-er-a-tors: \T1/cmtt/m/n/10.95 create_random_mis(n, ed
ge_probability, seed) \T1/cmr/m/n/10.95 and \T1/cmtt/m/n/10.95 create_mis_from_
edges(n,
 []


Overfull \hbox (11.92941pt too wide) in paragraph at lines 1403--1411
[]\T1/cmr/m/n/10.95 (\T1/cmtt/m/n/10.95 functions/maxcut.py\T1/cmr/m/n/10.95 ).
 Max-i-mize $[][]\OT1/cmr/m/n/10.95 (\OML/cmm/m/it/10.95 PAP[]C\OT1/cmr/m/n/10.
95 (\OML/cmm/m/it/10.95 k\OT1/cmr/m/n/10.95 ))$ \T1/cmr/m/n/10.95 with $\OML/cm
m/m/it/10.95 C\OT1/cmr/m/n/10.95 (\OML/cmm/m/it/10.95 k\OT1/cmr/m/n/10.95 )[] =

 []


Overfull \hbox (21.06612pt too wide) in paragraph at lines 1411--1417
[]\T1/cmr/m/n/10.95 (\T1/cmtt/m/n/10.95 functions/mvc.py\T1/cmr/m/n/10.95 ). Mi
n-i-mize $\OML/cmm/m/it/10.95 k$ \T1/cmr/m/n/10.95 sub-ject to $[]\OT1/cmr/m/n/
10.95 (\OML/cmm/m/it/10.95 PAP[]C\OT1/cmr/m/n/10.95 (\OML/cmm/m/it/10.95 k\OT1/
cmr/m/n/10.95 )) =
 []

[22]
Overfull \hbox (66.10251pt too wide) in paragraph at lines 1473--1480
\T1/cmr/m/n/10.95 The mod-ule \T1/cmtt/m/n/10.95 multiobjective/pareto.py \T1/c
mr/m/n/10.95 pro-vides \T1/cmtt/m/n/10.95 dominates(a, b, minimize)\T1/cmr/m/n/
10.95 , \T1/cmtt/m/n/10.95 pareto_front(objectives,
 []


Package natbib Warning: Author undefined for citation`Zangari_et_al:2017' 
(natbib)                on page 23 on input line 1501.

[23]
Overfull \hbox (53.44408pt too wide) in paragraph at lines 1532--1546
[]\T1/cmr/m/n/10.95 All of them ac-cept the con-struc-tor pa-ram-e-ters \T1/cmt
t/m/n/10.95 objectives\T1/cmr/m/n/10.95 , \T1/cmtt/m/n/10.95 n\T1/cmr/m/n/10.95
 , \T1/cmtt/m/n/10.95 n_subproblems \T1/cmr/m/n/10.95 ($\OML/cmm/m/it/10.95 N$\
T1/cmr/m/n/10.95 ), \T1/cmtt/m/n/10.95 neighbourhood_size
 []


Overfull \hbox (4.29327pt too wide) in paragraph at lines 1532--1546
\T1/cmr/m/n/10.95 method \T1/cmtt/m/n/10.95 run(n_generations, verbose, initial
_population, generation_callback) \T1/cmr/m/n/10.95 re-turns
 []

LaTeX Font Info:    Font shape `T1/cmtt/bx/n' in size <12> not available
(Font)              Font shape `T1/cmtt/m/n' tried instead on input line 1569.
[24]

Package natbib Warning: Author undefined for citation`Irurozki_et_al:2018' 
(natbib)                on page 25 on input line 1616.


Overfull \hbox (68.07646pt too wide) in paragraph at lines 1637--1651
 [] 
 []

[25]
LaTeX Font Info:    Font shape `T1/cmtt/bx/n' in size <14.4> not available
(Font)              Font shape `T1/cmtt/m/n' tried instead on input line 1691.

Overfull \hbox (123.37343pt too wide) in paragraph at lines 1705--1732
 [][] 
 []

[26] [27] (./perm_pateda_user_guide.bbl [28] [29] [30]) [31]
(./perm_pateda_user_guide.aux)

LaTeX Warning: Label(s) may have changed. Rerun to get cross-references right.

Package rerunfilecheck Info: File `perm_pateda_user_guide.out' has not changed.

(rerunfilecheck)             Checksum: 65BC1FDA6646B6020B7869A5CB350A9C;11359.
 ) 
Here is how much of TeX's memory you used:
 13923 strings out of 478288
 209216 string characters out of 5849315
 888023 words of memory out of 5000000
 31889 multiletter control sequences out of 15000+600000
 503539 words of font info for 123 fonts, out of 8000000 for 9000
 1141 hyphenation exceptions out of 8191
 65i,12n,67p,427b,1976s stack positions out of 5000i,500n,10000p,200000b,80000s

Output written on perm_pateda_user_guide.dvi (31 pages, 285428 bytes).
